###############################################################################
#
# IAR ELF Linker V9.60.4.438/W64 for ARM                  18/Jun/2026  13:13:39
# Copyright 2007-2025 IAR Systems AB.
#
#    Output file  =
#        D:\Unified-Global-Firmware\UnifiedGTXproRT1064-Framework\Debug\Exe\unified-gt-xpro.out
#    Map file     =
#        D:\Unified-Global-Firmware\UnifiedGTXproRT1064-Framework\Debug\List\unified-gt-xpro.map
#    Command line =
#        -f
#        D:\Unified-Global-Firmware\UnifiedGTXproRT1064-Framework\Debug\Exe\unified-gt-xpro.out.rsp
#        (D:\Unified-Global-Firmware\UnifiedGTXproRT1064-Framework\Debug\Obj\board_15934270115374689736.dir\board.o
#        D:\Unified-Global-Firmware\UnifiedGTXproRT1064-Framework\Debug\Obj\board_15934270115374689736.dir\clock_config.o
#        D:\Unified-Global-Firmware\UnifiedGTXproRT1064-Framework\Debug\Obj\freertos_kernel_5174011450799935587.dir\croutine.o
#        D:\Unified-Global-Firmware\UnifiedGTXproRT1064-Framework\Debug\Obj\freertos_kernel_5174011450799935587.dir\event_groups.o
#        D:\Unified-Global-Firmware\UnifiedGTXproRT1064-Framework\Debug\Obj\uart_16500500352900307476.dir\fsl_adapter_lpuart.o
#        D:\Unified-Global-Firmware\UnifiedGTXproRT1064-Framework\Debug\Obj\drivers_7863770820933530928.dir\fsl_adc.o
#        D:\Unified-Global-Firmware\UnifiedGTXproRT1064-Framework\Debug\Obj\drivers_7863770820933530928.dir\fsl_adc_etc.o
#        D:\Unified-Global-Firmware\UnifiedGTXproRT1064-Framework\Debug\Obj\common_4844698162460666594.dir\fsl_assert.o
#        D:\Unified-Global-Firmware\UnifiedGTXproRT1064-Framework\Debug\Obj\drivers_7863770820933530928.dir\fsl_cache.o
#        D:\Unified-Global-Firmware\UnifiedGTXproRT1064-Framework\Debug\Obj\drivers_7863770820933530928.dir\fsl_clock.o
#        D:\Unified-Global-Firmware\UnifiedGTXproRT1064-Framework\Debug\Obj\drivers_7863770820933530928.dir\fsl_common.o
#        D:\Unified-Global-Firmware\UnifiedGTXproRT1064-Framework\Debug\Obj\drivers_7863770820933530928.dir\fsl_common_arm.o
#        D:\Unified-Global-Firmware\UnifiedGTXproRT1064-Framework\Debug\Obj\drivers_7863770820933530928.dir\fsl_dcdc.o
#        D:\Unified-Global-Firmware\UnifiedGTXproRT1064-Framework\Debug\Obj\common_4844698162460666594.dir\fsl_debug_console.o
#        D:\Unified-Global-Firmware\UnifiedGTXproRT1064-Framework\Debug\Obj\xip_1815787651861247100.dir\fsl_flexspi_nor_boot.o
#        D:\Unified-Global-Firmware\UnifiedGTXproRT1064-Framework\Debug\Obj\drivers_7863770820933530928.dir\fsl_gpc.o
#        D:\Unified-Global-Firmware\UnifiedGTXproRT1064-Framework\Debug\Obj\drivers_7863770820933530928.dir\fsl_gpio.o
#        D:\Unified-Global-Firmware\UnifiedGTXproRT1064-Framework\Debug\Obj\drivers_7863770820933530928.dir\fsl_gpt.o
#        D:\Unified-Global-Firmware\UnifiedGTXproRT1064-Framework\Debug\Obj\drivers_7863770820933530928.dir\fsl_lpuart.o
#        D:\Unified-Global-Firmware\UnifiedGTXproRT1064-Framework\Debug\Obj\drivers_7863770820933530928.dir\fsl_pmu.o
#        D:\Unified-Global-Firmware\UnifiedGTXproRT1064-Framework\Debug\Obj\drivers_7863770820933530928.dir\fsl_snvs_hp.o
#        D:\Unified-Global-Firmware\UnifiedGTXproRT1064-Framework\Debug\Obj\drivers_7863770820933530928.dir\fsl_src.o
#        D:\Unified-Global-Firmware\UnifiedGTXproRT1064-Framework\Debug\Obj\common_4844698162460666594.dir\fsl_str.o
#        D:\Unified-Global-Firmware\UnifiedGTXproRT1064-Framework\Debug\Obj\board_15934270115374689736.dir\hardware_init.o
#        D:\Unified-Global-Firmware\UnifiedGTXproRT1064-Framework\Debug\Obj\memMang_8034902109530481416.dir\heap_4.o
#        D:\Unified-Global-Firmware\UnifiedGTXproRT1064-Framework\Debug\Obj\common_17472286640915757921.dir\idleTask.o
#        D:\Unified-Global-Firmware\UnifiedGTXproRT1064-Framework\Debug\Obj\freertos_kernel_5174011450799935587.dir\list.o
#        D:\Unified-Global-Firmware\UnifiedGTXproRT1064-Framework\Debug\Obj\board_15934270115374689736.dir\pin_mux.o
#        D:\Unified-Global-Firmware\UnifiedGTXproRT1064-Framework\Debug\Obj\arm_cm4f_2591447306154855946.dir\port.o
#        D:\Unified-Global-Firmware\UnifiedGTXproRT1064-Framework\Debug\Obj\arm_cm4f_2591447306154855946.dir\portasm.o
#        D:\Unified-Global-Firmware\UnifiedGTXproRT1064-Framework\Debug\Obj\freertos_kernel_5174011450799935587.dir\queue.o
#        D:\Unified-Global-Firmware\UnifiedGTXproRT1064-Framework\Debug\Obj\common_17472286640915757921.dir\queueManager.o
#        D:\Unified-Global-Firmware\UnifiedGTXproRT1064-Framework\Debug\Obj\common_17472286640915757921.dir\realtimeClock.o
#        D:\Unified-Global-Firmware\UnifiedGTXproRT1064-Framework\Debug\Obj\startup_6128450827118691628.dir\startup_MIMXRT1064.o
#        D:\Unified-Global-Firmware\UnifiedGTXproRT1064-Framework\Debug\Obj\freertos_kernel_5174011450799935587.dir\stream_buffer.o
#        D:\Unified-Global-Firmware\UnifiedGTXproRT1064-Framework\Debug\Obj\device_15380641546761405204.dir\system_MIMXRT1064.o
#        D:\Unified-Global-Firmware\UnifiedGTXproRT1064-Framework\Debug\Obj\common_17472286640915757921.dir\systemTimer.o
#        D:\Unified-Global-Firmware\UnifiedGTXproRT1064-Framework\Debug\Obj\freertos_kernel_5174011450799935587.dir\tasks.o
#        D:\Unified-Global-Firmware\UnifiedGTXproRT1064-Framework\Debug\Obj\common_17472286640915757921.dir\threadManager.o
#        D:\Unified-Global-Firmware\UnifiedGTXproRT1064-Framework\Debug\Obj\freertos_kernel_5174011450799935587.dir\timers.o
#        D:\Unified-Global-Firmware\UnifiedGTXproRT1064-Framework\Debug\Obj\source_5634686896477721948.dir\unifiedScale.o
#        --no_out_extension -o
#        D:\Unified-Global-Firmware\UnifiedGTXproRT1064-Framework\Debug\Exe\unified-gt-xpro.out
#        --redirect _Printf=_PrintfFullNoMb --redirect _Scanf=_ScanfFullNoMb
#        --map
#        D:\Unified-Global-Firmware\UnifiedGTXproRT1064-Framework\Debug\List\unified-gt-xpro.map
#        --config
#        D:\Unified-Global-Firmware\UnifiedGTXproRT1064\mimxrt1064\linker\MIMXRT1064xxxxx_flexspi_nor.icf
#        --semihosting --entry __iar_program_start --vfe --text_out locale
#        --cpu=Cortex-M7 --fpu=VFPv5_d16) --dependencies=n
#        D:\Unified-Global-Firmware\UnifiedGTXproRT1064-Framework\Debug\Exe\unified-gt-xpro.out.iar_deps
#
###############################################################################

*******************************************************************************
*** RUNTIME MODEL ATTRIBUTES
***

CppFlavor       = *
__CPP_Runtime   = 1
__Heap_Handler  = Basic
__SystemLibrary = DLib
__dlib_version  = 6


*******************************************************************************
*** HEAP SELECTION
***

The basic heap was selected because --advanced_heap
was not specified and the application did not appear to
be primarily optimized for speed.


*******************************************************************************
*** PLACEMENT SUMMARY
***

"A0":  place at address 0x7000'2000 { ro section .intvec };
"A2":  place at address 0x7000'1000 { section .boot_hdr.ivt };
"A3":  place at address 0x7000'1020 { ro section .boot_hdr.boot_data };
"P1":  place in [from 0x7000'2000 to 0x7000'23ff] |
                [from 0x7000'2400 to 0x703f'ffff] { ro };
define block RW { rw };
"P2":  place in [from 0x2000'0000 to 0x2001'fbff] { block RW };
define block ZI { zi };
"P3":  place in [from 0x2000'0000 to 0x2001'fbff] { block ZI };
define block NCACHE_VAR { section NonCacheable, section NonCacheable.init };
"P5":  place in [from 0x2000'0000 to 0x2001'fbff] { block NCACHE_VAR };
define block QACCESS_DATA { section DataQuickAccess };
"P8":  place in [from 0x2000'0000 to 0x2001'fbff] { block QACCESS_DATA };
define block CSTACK with size = 1K, alignment = 8 { };
"P6":  place in [from 0x2001'fc00 to 0x2001'ffff] { block CSTACK };
initialize by copy {
   rw, section .textrw, section CodeQuickAccess, section DataQuickAccess };
keep {
   section .boot_hdr.conf, section .boot_hdr.ivt, section .boot_hdr.boot_data,
   section .boot_hdr.dcd_data };

No sections matched the following patterns:

  ro section .boot_hdr.dcd_data  in "A4"
  section .boot_hdr.conf         in "A1"
  section CodeQuickAccess        in block QACCESS_CODE
  section DataQuickAccess        in block QACCESS_DATA
  section NonCacheable           in block NCACHE_VAR
  section NonCacheable.init      in block NCACHE_VAR


  Section              Kind         Address  Alignment    Size  Object
  -------              ----         -------  ---------    ----  ------
"P2-P3|P5|P8", part 1 of 2:                               0x18
  RW                            0x2000'0000               0x18  <Block>
    RW-1                        0x2000'0000          4    0x18  <Init block>
      .data            inited   0x2000'0000          4     0x4  port.o [1]
      .data            inited   0x2000'0004          4     0x4  system_MIMXRT1064.o [5]
      .data            inited   0x2000'0008          4     0x4  tasks.o [7]
      .data            inited   0x2000'000c          4     0xc  threadManager.o [3]
                              - 0x2000'0018               0x18

"P2-P3|P5|P8", part 2 of 2:                             0x827c
  ZI                            0x2000'0018             0x827c  <Block>
    .bss               zero     0x2000'0018          4     0x4  fsl_clock.o [6]
    .bss               zero     0x2000'001c          4     0x4  fsl_clock.o [6]
    .bss               zero     0x2000'0020          4    0x14  fsl_debug_console.o [4]
    .bss               zero     0x2000'0034          4    0x24  fsl_lpuart.o [6]
    .bss               zero     0x2000'0058          4    0x24  fsl_lpuart.o [6]
    .bss               zero     0x2000'007c          4  0x8000  heap_4.o [8]
    .bss               zero     0x2000'807c          4     0x8  heap_4.o [8]
    .bss               zero     0x2000'8084          4     0x4  heap_4.o [8]
    .bss               zero     0x2000'8088          4     0x4  heap_4.o [8]
    .bss               zero     0x2000'808c          4     0x4  heap_4.o [8]
    .bss               zero     0x2000'8090          4     0x4  heap_4.o [8]
    .bss               zero     0x2000'8094          4     0x4  heap_4.o [8]
    .bss               zero     0x2000'8098          4     0x4  idleTask.o [3]
    .bss               zero     0x2000'809c          4     0x4  port.o [1]
    .bss               zero     0x2000'80a0          4    0x40  queue.o [7]
    .bss               zero     0x2000'80e0          4     0x4  queueManager.o [3]
    .bss               zero     0x2000'80e4          4     0x4  queueManager.o [3]
    .bss               zero     0x2000'80e8          4     0x4  queueManager.o [3]
    .bss               zero     0x2000'80ec          4     0x4  queueManager.o [3]
    .bss               zero     0x2000'80f0          4     0x4  queueManager.o [3]
    .bss               zero     0x2000'80f4          4     0x4  realtimeClock.o [3]
    .bss               zero     0x2000'80f8          4     0xc  realtimeClock.o [3]
    .bss               zero     0x2000'8104          4     0x4  systemTimer.o [3]
    .bss               zero     0x2000'8108          4     0x4  systemTimer.o [3]
    .bss               zero     0x2000'810c          4     0x4  systemTimer.o [3]
    .bss               zero     0x2000'8110          4     0x4  tasks.o [7]
    .bss               zero     0x2000'8114          4    0x64  tasks.o [7]
    .bss               zero     0x2000'8178          4    0x14  tasks.o [7]
    .bss               zero     0x2000'818c          4    0x14  tasks.o [7]
    .bss               zero     0x2000'81a0          4     0x4  tasks.o [7]
    .bss               zero     0x2000'81a4          4     0x4  tasks.o [7]
    .bss               zero     0x2000'81a8          4    0x14  tasks.o [7]
    .bss               zero     0x2000'81bc          4    0x14  tasks.o [7]
    .bss               zero     0x2000'81d0          4     0x4  tasks.o [7]
    .bss               zero     0x2000'81d4          4    0x14  tasks.o [7]
    .bss               zero     0x2000'81e8          4     0x4  tasks.o [7]
    .bss               zero     0x2000'81ec          4     0x4  tasks.o [7]
    .bss               zero     0x2000'81f0          4     0x4  tasks.o [7]
    .bss               zero     0x2000'81f4          4     0x4  tasks.o [7]
    .bss               zero     0x2000'81f8          4     0x4  tasks.o [7]
    .bss               zero     0x2000'81fc          4     0x4  tasks.o [7]
    .bss               zero     0x2000'8200          4     0x4  tasks.o [7]
    .bss               zero     0x2000'8204          4     0x4  tasks.o [7]
    .bss               zero     0x2000'8208          4     0x4  tasks.o [7]
    .bss               zero     0x2000'820c          4     0x4  tasks.o [7]
    .bss               zero     0x2000'8210          4     0x4  tasks.o [7]
    .bss               zero     0x2000'8214          4     0x4  threadManager.o [3]
    .bss               zero     0x2000'8218          4     0x4  threadManager.o [3]
    .bss               zero     0x2000'821c          4    0x28  threadManager.o [3]
    .bss               zero     0x2000'8244          4     0x4  threadManager.o [3]
    .bss               zero     0x2000'8248          4     0x8  threadManager.o [3]
    .bss               zero     0x2000'8250          4    0x14  timers.o [7]
    .bss               zero     0x2000'8264          4    0x14  timers.o [7]
    .bss               zero     0x2000'8278          4     0x4  timers.o [7]
    .bss               zero     0x2000'827c          4     0x4  timers.o [7]
    .bss               zero     0x2000'8280          4     0x4  timers.o [7]
    .bss               zero     0x2000'8284          4     0x4  timers.o [7]
    .bss               zero     0x2000'8288          4     0x4  timers.o [7]
    .tbss              zero     0x2000'828c          4     0x4  errno.o [13]
    .bss               zero     0x2000'8290                0x1  idleTask.o [3]
    .bss               zero     0x2000'8291                0x1  port.o [1]
    .bss               zero     0x2000'8292                0x1  threadManager.o [3]
    .bss               zero     0x2000'8293                0x1  threadManager.o [3]
                              - 0x2000'8294             0x827c

"P6":                                                    0x400
  CSTACK                        0x2001'fc00          8   0x400  <Block>
    CSTACK             uninit   0x2001'fc00              0x400  <Block tail>
                              - 0x2002'0000              0x400

"A2":                                                     0x20
  .boot_hdr.ivt        const    0x7000'1000          4    0x20  fsl_flexspi_nor_boot.o [12]
                              - 0x7000'1020               0x20

"A3":                                                     0x10
  .boot_hdr.boot_data  const    0x7000'1020          4    0x10  fsl_flexspi_nor_boot.o [12]
                              - 0x7000'1030               0x10

"A0":                                                    0x400
  .intvec              ro code  0x7000'2000          4   0x400  startup_MIMXRT1064.o [10]
                              - 0x7000'2400              0x400

"P1":                                                   0x7044
  .text                ro code  0x7000'2400          4  0x1038  tasks.o [7]
  .text                ro code  0x7000'3438          4   0x364  heap_4.o [8]
  .text                ro code  0x7000'379c          4    0x66  ABImemset.o [15]
  .text                ro code  0x7000'3802          2    0x98  list.o [7]
  .text                ro code  0x7000'389a          2    0x2a  copy_init3.o [15]
  .text                ro code  0x7000'38c4          4   0x24c  port.o [1]
  .text                ro code  0x7000'3b10          4   0x4cc  timers.o [7]
  .text                ro code  0x7000'3fdc          4    0x34  port.o [1]
  CODE                 ro code  0x7000'4010          4    0xb0  portasm.o [1]
  .text                ro code  0x7000'40c0          4   0x802  queue.o [7]
  .text                ro code  0x7000'48c2          2     0x2  startup_MIMXRT1064.o [10]
  .text                ro code  0x7000'48c4          4     0x6  ABImemclr4.o [15]
  .text                ro code  0x7000'48ca          2     0x2  startup_MIMXRT1064.o [10]
  .text                ro code  0x7000'48cc          4    0xa6  ABImemcpy.o [15]
  .text                ro code  0x7000'4972          2     0x2  startup_MIMXRT1064.o [10]
  .text                ro code  0x7000'4974          4    0x32  ABImemset48.o [15]
  .text                ro code  0x7000'49a6          2     0x2  startup_MIMXRT1064.o [10]
  .text                ro code  0x7000'49a8          4   0x8d4  clock_config.o [2]
  .text                ro code  0x7000'527c          4    0x34  fsl_assert.o [4]
  .text                ro code  0x7000'52b0          4   0x544  fsl_clock.o [6]
  .text                ro code  0x7000'57f4          4   0x3d4  fsl_debug_console.o [4]
  .text                ro code  0x7000'5bc8          2     0x4  fsl_assert.o [4]
  .text                ro code  0x7000'5bcc          4   0x230  I64DivMod.o [15]
  .text                ro code  0x7000'5dfc          4   0x218  fsl_adapter_lpuart.o [11]
  .text                ro code  0x7000'6014          4    0x36  strlen.o [15]
  .text                ro code  0x7000'604a          2     0x2  startup_MIMXRT1064.o [10]
  .text                ro code  0x7000'604c          4     0x2  I64DivZer.o [15]
  .text                ro code  0x7000'604e          2     0x2  startup_MIMXRT1064.o [10]
  .text                ro code  0x7000'6050          4   0x688  fsl_lpuart.o [6]
  .text                ro code  0x7000'66d8          4   0x5a4  threadManager.o [3]
  .text                ro code  0x7000'6c7c          4    0xdc  queueManager.o [3]
  .text                ro code  0x7000'6d58          4   0x110  systemTimer.o [3]
  .text                ro code  0x7000'6e68          4   0x240  realtimeClock.o [3]
  .text                ro code  0x7000'70a8          4    0x5c  idleTask.o [3]
  .text                ro code  0x7000'7104          4   0x21c  fsl_gpio.o [6]
  .text                ro code  0x7000'7320          4   0x320  fsl_snvs_hp.o [6]
  .text                ro code  0x7000'7640          4   0x13e  iar_Stoulx.o [13]
  .text                ro code  0x7000'7780          4    0x58  memchr.o [15]
  .text                ro code  0x7000'77d8          4    0x18  errno.o [13]
  .text                ro code  0x7000'77f0          2     0x4  tp_nothreads.o [13]
  .text                ro code  0x7000'77f4          4   0x3c0  board.o [2]
  .text                ro code  0x7000'7bb4          4   0x12c  pin_mux.o [2]
  .text                ro code  0x7000'7ce0          4    0xf4  system_MIMXRT1064.o [5]
  .text                ro code  0x7000'7dd4          2     0x2  system_MIMXRT1064.o [5]
  .rodata              const    0x7000'7dd8          4    0x60  fsl_adapter_lpuart.o [11]
  .rodata              const    0x7000'7e38          4    0x5c  fsl_lpuart.o [6]
  .rodata              const    0x7000'7e94          4    0x5c  fsl_snvs_hp.o [6]
  .rodata              const    0x7000'7ef0          4    0x58  clock_config.o [2]
  .rodata              const    0x7000'7f48          4    0x58  fsl_clock.o [6]
  .rodata              const    0x7000'7fa0          4    0x58  fsl_gpio.o [6]
  .rodata              const    0x7000'7ff8          4    0x58  fsl_gpio.o [6]
  .rodata              const    0x7000'8050          4    0x58  fsl_lpuart.o [6]
  .rodata              const    0x7000'80a8          4    0x58  pin_mux.o [2]
  .rodata              const    0x7000'8100          4    0x50  fsl_adapter_lpuart.o [11]
  .rodata              const    0x7000'8150          4    0x50  iar_Stoulx.o [13]
  .rodata              const    0x7000'81a0          4    0x4c  queueManager.o [3]
  .rodata              const    0x7000'81ec          4    0x48  board.o [2]
  .rodata              const    0x7000'8234          4    0x48  threadManager.o [3]
  .rodata              const    0x7000'827c          4    0x40  fsl_lpuart.o [6]
  .rodata              const    0x7000'82bc          4    0x40  threadManager.o [3]
  .rodata              const    0x7000'82fc          4    0x40  threadManager.o [3]
  .rodata              const    0x7000'833c          4    0x40  threadManager.o [3]
  .rodata              const    0x7000'837c          4    0x40  threadManager.o [3]
  .rodata              const    0x7000'83bc          4    0x3c  fsl_gpio.o [6]
  .rodata              const    0x7000'83f8          4    0x3c  threadManager.o [3]
  .rodata              const    0x7000'8434          4    0x3c  threadManager.o [3]
  .rodata              const    0x7000'8470          4    0x3c  threadManager.o [3]
  .rodata              const    0x7000'84ac          4    0x3c  threadManager.o [3]
  .rodata              const    0x7000'84e8          4    0x3c  threadManager.o [3]
  .rodata              const    0x7000'8524          4    0x3c  threadManager.o [3]
  .rodata              const    0x7000'8560          4    0x3c  threadManager.o [3]
  .rodata              const    0x7000'859c          4    0x38  threadManager.o [3]
  .rodata              const    0x7000'85d4          4    0x38  threadManager.o [3]
  .text                ro code  0x7000'860c          2    0x38  zero_init3.o [15]
  .rodata              const    0x7000'8644          4    0x34  threadManager.o [3]
  .rodata              const    0x7000'8678          4    0x30  fsl_adapter_lpuart.o [11]
  .rodata              const    0x7000'86a8          4    0x30  queueManager.o [3]
  .rodata              const    0x7000'86d8          4    0x30  realtimeClock.o [3]
  .rodata              const    0x7000'8708          4    0x30  threadManager.o [3]
  .rodata              const    0x7000'8738          4    0x30  threadManager.o [3]
  .rodata              const    0x7000'8768          4    0x30  threadManager.o [3]
  .rodata              const    0x7000'8798          4    0x30  threadManager.o [3]
  .rodata              const    0x7000'87c8          4    0x30  threadManager.o [3]
  .rodata              const    0x7000'87f8          4    0x30  threadManager.o [3]
  .rodata              const    0x7000'8828          4    0x30  threadManager.o [3]
  .rodata              const    0x7000'8858          4    0x2c  fsl_assert.o [4]
  .rodata              const    0x7000'8884          4    0x2c  fsl_gpio.o [6]
  .rodata              const    0x7000'88b0          4    0x2c  fsl_lpuart.o [6]
  .rodata              const    0x7000'88dc          4    0x2c  realtimeClock.o [3]
  .rodata              const    0x7000'8908          4    0x2c  systemTimer.o [3]
  .rodata              const    0x7000'8934          4    0x2c  threadManager.o [3]
  .rodata              const    0x7000'8960          4    0x2c  threadManager.o [3]
  .rodata              const    0x7000'898c          4    0x2c  threadManager.o [3]
  .rodata              const    0x7000'89b8          4    0x28  fsl_lpuart.o [6]
  .rodata              const    0x7000'89e0          4    0x28  fsl_lpuart.o [6]
  .rodata              const    0x7000'8a08          4    0x28  realtimeClock.o [3]
  .rodata              const    0x7000'8a30          4    0x28  realtimeClock.o [3]
  .rodata              const    0x7000'8a58          4    0x28  systemTimer.o [3]
  .rodata              const    0x7000'8a80          4    0x28  systemTimer.o [3]
  .rodata              const    0x7000'8aa8          4    0x28  threadManager.o [3]
  .rodata              const    0x7000'8ad0          4    0x28  threadManager.o [3]
  .rodata              const    0x7000'8af8          4    0x28  threadManager.o [3]
  .rodata              const    0x7000'8b20          4    0x28  threadManager.o [3]
  .rodata              const    0x7000'8b48          4    0x28  threadManager.o [3]
  .rodata              const    0x7000'8b70          4    0x28  threadManager.o [3]
  .rodata              const    0x7000'8b98          4    0x28  threadManager.o [3]
  .rodata              const    0x7000'8bc0          4    0x28  threadManager.o [3]
  .text                ro code  0x7000'8be8          4    0x28  startup_MIMXRT1064.o [10]
  .text                ro code  0x7000'8c10          4    0x28  data_init.o [15]
  .rodata              const    0x7000'8c38          4    0x24  fsl_adapter_lpuart.o [11]
  .rodata              const    0x7000'8c5c          4    0x24  fsl_lpuart.o [6]
  .rodata              const    0x7000'8c80          4    0x24  fsl_lpuart.o [6]
  .rodata              const    0x7000'8ca4          4    0x24  threadManager.o [3]
  .rodata              const    0x7000'8cc8          4    0x24  threadManager.o [3]
  .rodata              const    0x7000'8cec          4    0x24  threadManager.o [3]
  .text                ro code  0x7000'8d10          4    0x22  fpinit_M.o [14]
  .iar.init_table      const    0x7000'8d34          4    0x24  - Linker created -
  .rodata              const    0x7000'8d58          4    0x20  idleTask.o [3]
  .rodata              const    0x7000'8d78          4    0x20  threadManager.o [3]
  .rodata              const    0x7000'8d98          4    0x20  threadManager.o [3]
  .rodata              const    0x7000'8db8          4    0x20  threadManager.o [3]
  .rodata              const    0x7000'8dd8          4    0x20  threadManager.o [3]
  .rodata              const    0x7000'8df8          4    0x20  threadManager.o [3]
  .rodata              const    0x7000'8e18          4    0x20  threadManager.o [3]
  .text                ro code  0x7000'8e38          4    0x1e  cmain.o [15]
  .text                ro code  0x7000'8e56          2     0x4  low_level_init.o [13]
  .text                ro code  0x7000'8e5a          2     0xc  unifiedScale.o [9]
  .text                ro code  0x7000'8e66          2     0x4  exit.o [13]
  .text                ro code  0x7000'8e6a          2    0x14  hardware_init.o [2]
  .text                ro code  0x7000'8e80          4     0xa  cexit.o [15]
  .text                ro code  0x7000'8e8c          4    0x14  exit.o [16]
  .rodata              const    0x7000'8ea0          4    0x1c  board.o [2]
  .rodata              const    0x7000'8ebc          4    0x1c  fsl_lpuart.o [6]
  .rodata              const    0x7000'8ed8          4    0x1c  fsl_lpuart.o [6]
  .rodata              const    0x7000'8ef4          4    0x1c  fsl_snvs_hp.o [6]
  .rodata              const    0x7000'8f10          4    0x1c  idleTask.o [3]
  .rodata              const    0x7000'8f2c          4    0x1c  threadManager.o [3]
  .rodata              const    0x7000'8f48          4    0x1c  threadManager.o [3]
  .text                ro code  0x7000'8f64          4    0x1c  cstartup_M.o [15]
  .rodata              const    0x7000'8f80          4    0x18  board.o [2]
  .rodata              const    0x7000'8f98          4    0x18  clock_config.o [2]
  .rodata              const    0x7000'8fb0          4    0x18  threadManager.o [3]
  Initializer bytes    const    0x7000'8fc8          4    0x18  <for RW-1>
  .rodata              const    0x7000'8fe0          4    0x14  clock_config.o [2]
  .rodata              const    0x7000'8ff4          4    0x14  fsl_adapter_lpuart.o [11]
  .rodata              const    0x7000'9008          4    0x14  fsl_lpuart.o [6]
  .rodata              const    0x7000'901c          4    0x14  realtimeClock.o [3]
  .rodata              const    0x7000'9030          4    0x14  realtimeClock.o [3]
  .rodata              const    0x7000'9044          4    0x14  threadManager.o [3]
  .rodata              const    0x7000'9058          4    0x14  threadManager.o [3]
  .rodata              const    0x7000'906c          4    0x14  threadManager.o [3]
  .rodata              const    0x7000'9080          4    0x14  threadManager.o [3]
  .rodata              const    0x7000'9094          4    0x14  threadManager.o [3]
  .rodata              const    0x7000'90a8          4    0x10  clock_config.o [2]
  .rodata              const    0x7000'90b8          4    0x10  fsl_clock.o [6]
  .rodata              const    0x7000'90c8          4    0x10  fsl_clock.o [6]
  .rodata              const    0x7000'90d8          4    0x10  fsl_gpio.o [6]
  .rodata              const    0x7000'90e8          4    0x10  fsl_gpio.o [6]
  .rodata              const    0x7000'90f8          4    0x10  fsl_lpuart.o [6]
  .rodata              const    0x7000'9108          4    0x10  fsl_snvs_hp.o [6]
  .rodata              const    0x7000'9118          4    0x10  fsl_snvs_hp.o [6]
  .rodata              const    0x7000'9128          4    0x10  fsl_snvs_hp.o [6]
  .rodata              const    0x7000'9138          4    0x10  pin_mux.o [2]
  .rodata              const    0x7000'9148          4    0x10  threadManager.o [3]
  .rodata              const    0x7000'9158          4    0x10  threadManager.o [3]
  .rodata              const    0x7000'9168          4     0xc  fsl_adapter_lpuart.o [11]
  .rodata              const    0x7000'9174          4     0xc  fsl_adapter_lpuart.o [11]
  .rodata              const    0x7000'9180          4     0xc  fsl_adapter_lpuart.o [11]
  .rodata              const    0x7000'918c          4     0xc  fsl_gpio.o [6]
  .rodata              const    0x7000'9198          4     0xc  fsl_gpio.o [6]
  .rodata              const    0x7000'91a4          4     0xc  fsl_lpuart.o [6]
  .rodata              const    0x7000'91b0          4     0xc  fsl_lpuart.o [6]
  .rodata              const    0x7000'91bc          4     0xc  fsl_snvs_hp.o [6]
  .rodata              const    0x7000'91c8          4     0xc  idleTask.o [3]
  .rodata              const    0x7000'91d4          4     0xc  realtimeClock.o [3]
  .rodata              const    0x7000'91e0          4     0xc  realtimeClock.o [3]
  .rodata              const    0x7000'91ec          4     0xc  realtimeClock.o [3]
  .rodata              const    0x7000'91f8          4     0xc  realtimeClock.o [3]
  .rodata              const    0x7000'9204          4     0xc  realtimeClock.o [3]
  .rodata              const    0x7000'9210          4     0xc  realtimeClock.o [3]
  .rodata              const    0x7000'921c          4     0xc  realtimeClock.o [3]
  .rodata              const    0x7000'9228          4     0xc  systemTimer.o [3]
  .rodata              const    0x7000'9234          4     0x8  board.o [2]
  .rodata              const    0x7000'923c          4     0x8  clock_config.o [2]
  .rodata              const    0x7000'9244          4     0x8  realtimeClock.o [3]
  .rodata              const    0x7000'924c          4     0x8  realtimeClock.o [3]
  .rodata              const    0x7000'9254          4     0x8  realtimeClock.o [3]
  .rodata              const    0x7000'925c          4     0x8  realtimeClock.o [3]
  .rodata              const    0x7000'9264          4     0x8  realtimeClock.o [3]
  .rodata              const    0x7000'926c          4     0x8  realtimeClock.o [3]
  .rodata              const    0x7000'9274          4     0x8  realtimeClock.o [3]
  .rodata              const    0x7000'927c          4     0x8  tasks.o [7]
  .rodata              const    0x7000'9284          4     0x8  timers.o [7]
  .rodata              const    0x7000'928c          4     0x8  timers.o [7]
  .text                ro code  0x7000'9294          4     0x8  startup_MIMXRT1064.o [10]
  .text                ro code  0x7000'929c          4     0x8  startup_MIMXRT1064.o [10]
  .text                ro code  0x7000'92a4          4     0x8  startup_MIMXRT1064.o [10]
  .text                ro code  0x7000'92ac          4     0x8  startup_MIMXRT1064.o [10]
  .text                ro code  0x7000'92b4          4     0x8  startup_MIMXRT1064.o [10]
  .text                ro code  0x7000'92bc          4     0x8  startup_MIMXRT1064.o [10]
  .text                ro code  0x7000'92c4          4     0x8  startup_MIMXRT1064.o [10]
  .text                ro code  0x7000'92cc          4     0x8  startup_MIMXRT1064.o [10]
  .text                ro code  0x7000'92d4          4     0x8  startup_MIMXRT1064.o [10]
  .text                ro code  0x7000'92dc          4     0x8  startup_MIMXRT1064.o [10]
  .text                ro code  0x7000'92e4          4     0x8  startup_MIMXRT1064.o [10]
  .text                ro code  0x7000'92ec          4     0x8  startup_MIMXRT1064.o [10]
  .text                ro code  0x7000'92f4          4     0x8  startup_MIMXRT1064.o [10]
  .text                ro code  0x7000'92fc          4     0x8  startup_MIMXRT1064.o [10]
  .text                ro code  0x7000'9304          4     0x8  startup_MIMXRT1064.o [10]
  .text                ro code  0x7000'930c          4     0x8  startup_MIMXRT1064.o [10]
  .text                ro code  0x7000'9314          4     0x8  startup_MIMXRT1064.o [10]
  .text                ro code  0x7000'931c          4     0x8  startup_MIMXRT1064.o [10]
  .text                ro code  0x7000'9324          4     0x8  startup_MIMXRT1064.o [10]
  .text                ro code  0x7000'932c          4     0x8  startup_MIMXRT1064.o [10]
  .text                ro code  0x7000'9334          4     0x8  startup_MIMXRT1064.o [10]
  .text                ro code  0x7000'933c          4     0x8  startup_MIMXRT1064.o [10]
  .text                ro code  0x7000'9344          4     0x8  startup_MIMXRT1064.o [10]
  .text                ro code  0x7000'934c          4     0x8  startup_MIMXRT1064.o [10]
  .text                ro code  0x7000'9354          4     0x8  startup_MIMXRT1064.o [10]
  .text                ro code  0x7000'935c          4     0x8  startup_MIMXRT1064.o [10]
  .text                ro code  0x7000'9364          4     0x8  startup_MIMXRT1064.o [10]
  .text                ro code  0x7000'936c          4     0x8  startup_MIMXRT1064.o [10]
  .text                ro code  0x7000'9374          4     0x8  startup_MIMXRT1064.o [10]
  .text                ro code  0x7000'937c          4     0x8  startup_MIMXRT1064.o [10]
  .text                ro code  0x7000'9384          4     0x8  startup_MIMXRT1064.o [10]
  .text                ro code  0x7000'938c          4     0x8  startup_MIMXRT1064.o [10]
  .text                ro code  0x7000'9394          4     0x8  startup_MIMXRT1064.o [10]
  .text                ro code  0x7000'939c          4     0x8  startup_MIMXRT1064.o [10]
  .text                ro code  0x7000'93a4          4     0x8  startup_MIMXRT1064.o [10]
  .text                ro code  0x7000'93ac          4     0x8  startup_MIMXRT1064.o [10]
  .text                ro code  0x7000'93b4          4     0x8  startup_MIMXRT1064.o [10]
  .text                ro code  0x7000'93bc          4     0x8  startup_MIMXRT1064.o [10]
  .text                ro code  0x7000'93c4          4     0x8  startup_MIMXRT1064.o [10]
  .text                ro code  0x7000'93cc          4     0x8  startup_MIMXRT1064.o [10]
  .text                ro code  0x7000'93d4          4     0x8  startup_MIMXRT1064.o [10]
  .text                ro code  0x7000'93dc          4     0x8  startup_MIMXRT1064.o [10]
  .text                ro code  0x7000'93e4          4     0x8  startup_MIMXRT1064.o [10]
  .text                ro code  0x7000'93ec          4     0x8  startup_MIMXRT1064.o [10]
  .text                ro code  0x7000'93f4          4     0x8  startup_MIMXRT1064.o [10]
  .text                ro code  0x7000'93fc          4     0x8  startup_MIMXRT1064.o [10]
  .text                ro code  0x7000'9404          4     0x8  startup_MIMXRT1064.o [10]
  .text                ro code  0x7000'940c          4     0x8  startup_MIMXRT1064.o [10]
  .text                ro code  0x7000'9414          4     0x8  startup_MIMXRT1064.o [10]
  .text                ro code  0x7000'941c          4     0x8  startup_MIMXRT1064.o [10]
  .text                ro code  0x7000'9424          4     0x8  startup_MIMXRT1064.o [10]
  .text                ro code  0x7000'942c          4     0x8  startup_MIMXRT1064.o [10]
  .rodata              const    0x7000'9434          4     0x4  heap_4.o [8]
  .rodata              const    0x7000'9438          4     0x4  pin_mux.o [2]
  .rodata              const    0x7000'943c          4     0x4  systemTimer.o [3]
  .text                ro code  0x7000'9440          2     0x4  startup_MIMXRT1064.o [10]
  .rodata              const    0x7000'9444                0x0  zero_init3.o [15]
  .rodata              const    0x7000'9444                0x0  copy_init3.o [15]
                              - 0x7000'9444             0x7044

Unused ranges:

         From           To       Size
         ----           --       ----
  0x2000'8294  0x2001'fbff   0x1'796c
  0x7000'9444  0x703f'ffff  0x3f'6bbc


*******************************************************************************
*** INIT TABLE
***

          Address      Size
          -------      ----
Zero (__iar_zero_init3)
    1 destination range, total size 0x827c:
          0x2000'0018  0x827c

Copy (__iar_copy_init3)
    1 source range, total size 0x18:
          0x7000'8fc8    0x18
    1 destination range, total size 0x18:
          0x2000'0000    0x18



*******************************************************************************
*** MODULE SUMMARY
***

    Module                  ro code  ro data  rw data
    ------                  -------  -------  -------
command line/config:
    -------------------------------------------------
    Total:

D:\Unified-Global-Firmware\UnifiedGTXproRT1064-Framework\Debug\Obj\arm_cm4f_2591447306154855946.dir: [1]
    port.o                      640        4        9
    portasm.o                   176
    -------------------------------------------------
    Total:                      816        4        9

D:\Unified-Global-Firmware\UnifiedGTXproRT1064-Framework\Debug\Obj\board_15934270115374689736.dir: [2]
    board.o                     960      132
    clock_config.o            2'260      156
    hardware_init.o              20
    pin_mux.o                   300      108
    -------------------------------------------------
    Total:                    3'540      396

D:\Unified-Global-Firmware\UnifiedGTXproRT1064-Framework\Debug\Obj\common_17472286640915757921.dir: [3]
    idleTask.o                   92       72        5
    queueManager.o              220      124       20
    realtimeClock.o             576      352       16
    systemTimer.o               272      140       12
    threadManager.o           1'444    2'224       74
    -------------------------------------------------
    Total:                    2'604    2'912      127

D:\Unified-Global-Firmware\UnifiedGTXproRT1064-Framework\Debug\Obj\common_4844698162460666594.dir: [4]
    fsl_assert.o                 56       44
    fsl_debug_console.o         980                20
    -------------------------------------------------
    Total:                    1'036       44       20

D:\Unified-Global-Firmware\UnifiedGTXproRT1064-Framework\Debug\Obj\device_15380641546761405204.dir: [5]
    system_MIMXRT1064.o         246        4        4
    -------------------------------------------------
    Total:                      246        4        4

D:\Unified-Global-Firmware\UnifiedGTXproRT1064-Framework\Debug\Obj\drivers_7863770820933530928.dir: [6]
    fsl_clock.o               1'348      120        8
    fsl_gpio.o                  540      336
    fsl_lpuart.o              1'672      556       72
    fsl_snvs_hp.o               800      180
    -------------------------------------------------
    Total:                    4'360    1'192       80

D:\Unified-Global-Firmware\UnifiedGTXproRT1064-Framework\Debug\Obj\freertos_kernel_5174011450799935587.dir: [7]
    list.o                      152
    queue.o                   2'050                64
    tasks.o                   4'152       12      264
    timers.o                  1'228       16       60
    -------------------------------------------------
    Total:                    7'582       28      388

D:\Unified-Global-Firmware\UnifiedGTXproRT1064-Framework\Debug\Obj\memMang_8034902109530481416.dir: [8]
    heap_4.o                    868        4   32'796
    -------------------------------------------------
    Total:                      868        4   32'796

D:\Unified-Global-Firmware\UnifiedGTXproRT1064-Framework\Debug\Obj\source_5634686896477721948.dir: [9]
    unifiedScale.o               12
    -------------------------------------------------
    Total:                       12

D:\Unified-Global-Firmware\UnifiedGTXproRT1064-Framework\Debug\Obj\startup_6128450827118691628.dir: [10]
    startup_MIMXRT1064.o      1'496
    -------------------------------------------------
    Total:                    1'496

D:\Unified-Global-Firmware\UnifiedGTXproRT1064-Framework\Debug\Obj\uart_16500500352900307476.dir: [11]
    fsl_adapter_lpuart.o        536      316
    -------------------------------------------------
    Total:                      536      316

D:\Unified-Global-Firmware\UnifiedGTXproRT1064-Framework\Debug\Obj\xip_1815787651861247100.dir: [12]
    fsl_flexspi_nor_boot.o                48
    -------------------------------------------------
    Total:                                48

dl7M_tln.a: [13]
    errno.o                      24                 4
    exit.o                        4
    iar_Stoulx.o                318       80
    low_level_init.o              4
    tp_nothreads.o                4
    -------------------------------------------------
    Total:                      354       80        4

m7M_tlv.a: [14]
    fpinit_M.o                   34
    -------------------------------------------------
    Total:                       34

rt7M_tl.a: [15]
    ABImemclr4.o                  6
    ABImemcpy.o                 166
    ABImemset.o                 102
    ABImemset48.o                50
    I64DivMod.o                 560
    I64DivZer.o                   2
    cexit.o                      10
    cmain.o                      30
    copy_init3.o                 42
    cstartup_M.o                 28
    data_init.o                  40
    memchr.o                     88
    strlen.o                     54
    zero_init3.o                 56
    -------------------------------------------------
    Total:                    1'234

shb_l.a: [16]
    exit.o                       20
    -------------------------------------------------
    Total:                       20

    Gaps                          6        4
    Linker created                        36    1'024
-----------------------------------------------------
    Grand Total:             24'744    5'068   34'452


*******************************************************************************
*** ENTRY LIST
***

Entry                       Address    Size  Type      Object
-----                       -------    ----  ----      ------
.iar.init_table$$Base   0x7000'8d34           --   Gb  - Linker created -
.iar.init_table$$Limit  0x7000'8d58           --   Gb  - Linker created -
?main                   0x7000'8e39          Code  Gb  cmain.o [15]
ACMP1_IRQHandler        0x7000'9441          Code  Wk  startup_MIMXRT1064.o [10]
ACMP2_IRQHandler        0x7000'9441          Code  Wk  startup_MIMXRT1064.o [10]
ACMP3_IRQHandler        0x7000'9441          Code  Wk  startup_MIMXRT1064.o [10]
ACMP4_IRQHandler        0x7000'9441          Code  Wk  startup_MIMXRT1064.o [10]
ADC1_IRQHandler         0x7000'9441          Code  Wk  startup_MIMXRT1064.o [10]
ADC2_IRQHandler         0x7000'9441          Code  Wk  startup_MIMXRT1064.o [10]
ADC_ETC_ERROR_IRQ_IRQHandler
                        0x7000'9441          Code  Wk  startup_MIMXRT1064.o [10]
ADC_ETC_IRQ0_IRQHandler
                        0x7000'9441          Code  Wk  startup_MIMXRT1064.o [10]
ADC_ETC_IRQ1_IRQHandler
                        0x7000'9441          Code  Wk  startup_MIMXRT1064.o [10]
ADC_ETC_IRQ2_IRQHandler
                        0x7000'9441          Code  Wk  startup_MIMXRT1064.o [10]
ARM_MPU_Disable         0x7000'7815    0x22  Code  Lc  board.o [2]
ARM_MPU_Enable          0x7000'77f5    0x20  Code  Lc  board.o [2]
BEE_IRQHandler          0x7000'9441          Code  Wk  startup_MIMXRT1064.o [10]
BOARD_BootClockRUN      0x7000'4b8b   0x59a  Code  Gb  clock_config.o [2]
BOARD_ConfigMPU         0x7000'78ed   0x228  Code  Gb  board.o [2]
BOARD_DebugConsoleSrcFreq
                        0x7000'789d    0x3a  Code  Gb  board.o [2]
BOARD_InitBootClocks    0x7000'4b83     0x8  Code  Gb  clock_config.o [2]
BOARD_InitBootPins      0x7000'7c3f     0x8  Code  Gb  pin_mux.o [2]
BOARD_InitDebugConsole  0x7000'78d7    0x16  Code  Gb  board.o [2]
BOARD_InitHardware      0x7000'8e6b    0x14  Code  Gb  hardware_init.o [2]
BOARD_InitPins          0x7000'7c47    0x74  Code  Gb  pin_mux.o [2]
BusFault_Handler        0x7000'49a7          Code  Wk  startup_MIMXRT1064.o [10]
CAN1_DriverIRQHandler   0x7000'9441          Code  Wk  startup_MIMXRT1064.o [10]
CAN1_IRQHandler         0x7000'939d          Code  Wk  startup_MIMXRT1064.o [10]
CAN2_DriverIRQHandler   0x7000'9441          Code  Wk  startup_MIMXRT1064.o [10]
CAN2_IRQHandler         0x7000'93a5          Code  Wk  startup_MIMXRT1064.o [10]
CAN3_DriverIRQHandler   0x7000'9441          Code  Wk  startup_MIMXRT1064.o [10]
CAN3_IRQHandler         0x7000'9425          Code  Wk  startup_MIMXRT1064.o [10]
CCM_1_IRQHandler        0x7000'9441          Code  Wk  startup_MIMXRT1064.o [10]
CCM_2_IRQHandler        0x7000'9441          Code  Wk  startup_MIMXRT1064.o [10]
CLOCK_ControlGate       0x7000'4a9f    0x46  Code  Lc  clock_config.o [2]
CLOCK_ControlGate       0x7000'711b    0x40  Code  Lc  fsl_gpio.o [6]
CLOCK_ControlGate       0x7000'6067    0x46  Code  Lc  fsl_lpuart.o [6]
CLOCK_ControlGate       0x7000'7bcb    0x40  Code  Lc  pin_mux.o [2]
CLOCK_DeinitAudioPll    0x7000'5427     0xc  Code  Gb  fsl_clock.o [6]
CLOCK_DeinitEnetPll     0x7000'5433     0xc  Code  Gb  fsl_clock.o [6]
CLOCK_DeinitUsb2Pll     0x7000'541d     0xa  Code  Gb  fsl_clock.o [6]
CLOCK_DisableClock      0x7000'4ae5     0xc  Code  Lc  clock_config.o [2]
CLOCK_EnableClock       0x7000'715b     0xc  Code  Lc  fsl_gpio.o [6]
CLOCK_EnableClock       0x7000'60ad     0xc  Code  Lc  fsl_lpuart.o [6]
CLOCK_EnableClock       0x7000'7c0b     0xc  Code  Lc  pin_mux.o [2]
CLOCK_GetDiv            0x7000'7861    0x2a  Code  Lc  board.o [2]
CLOCK_GetMux            0x7000'7837    0x2a  Code  Lc  board.o [2]
CLOCK_GetOscFreq        0x7000'788b    0x12  Code  Lc  board.o [2]
CLOCK_GetOscFreq        0x7000'52b1    0x18  Code  Lc  fsl_clock.o [6]
CLOCK_GetPllBypassRefClk
                        0x7000'52ef    0x1c  Code  Lc  fsl_clock.o [6]
CLOCK_GetPllFreq        0x7000'5449   0x286  Code  Gb  fsl_clock.o [6]
CLOCK_GetPllFreq::enetRefClkFreq
                        0x7000'90c8    0x10  Data  Lc  fsl_clock.o [6]
CLOCK_GetSysPfdFreq     0x7000'5719    0x70  Code  Gb  fsl_clock.o [6]
CLOCK_InitArmPll        0x7000'5379    0x38  Code  Gb  fsl_clock.o [6]
CLOCK_InitExternalClk   0x7000'530b    0x46  Code  Gb  fsl_clock.o [6]
CLOCK_InitRcOsc24M      0x7000'536b     0xe  Code  Gb  fsl_clock.o [6]
CLOCK_InitSysPfd        0x7000'56d1    0x38  Code  Gb  fsl_clock.o [6]
CLOCK_InitSysPll        0x7000'53b1    0x6c  Code  Gb  fsl_clock.o [6]
CLOCK_IsPllBypassed     0x7000'52c9    0x10  Code  Lc  fsl_clock.o [6]
CLOCK_IsPllEnabled      0x7000'52d9    0x16  Code  Lc  fsl_clock.o [6]
CLOCK_SetDiv            0x7000'4a2f    0x70  Code  Lc  clock_config.o [2]
CLOCK_SetMux            0x7000'49bf    0x70  Code  Lc  clock_config.o [2]
CLOCK_SetPllBypass      0x7000'4b01    0x26  Code  Lc  clock_config.o [2]
CLOCK_SetRtcXtalFreq    0x7000'4af9     0x8  Code  Lc  clock_config.o [2]
CLOCK_SetXtalFreq       0x7000'4af1     0x8  Code  Lc  clock_config.o [2]
CLOCK_SwitchOsc         0x7000'5351    0x1a  Code  Gb  fsl_clock.o [6]
CORE_IRQHandler         0x7000'9441          Code  Wk  startup_MIMXRT1064.o [10]
CSI_IRQHandler          0x7000'9441          Code  Wk  startup_MIMXRT1064.o [10]
CSTACK$$Base            0x2001'fc00           --   Gb  - Linker created -
CSTACK$$Limit           0x2002'0000           --   Gb  - Linker created -
CSU_IRQHandler          0x7000'9441          Code  Wk  startup_MIMXRT1064.o [10]
CTI0_ERROR_IRQHandler   0x7000'9441          Code  Wk  startup_MIMXRT1064.o [10]
CTI1_ERROR_IRQHandler   0x7000'9441          Code  Wk  startup_MIMXRT1064.o [10]
DCDC_IRQHandler         0x7000'9441          Code  Wk  startup_MIMXRT1064.o [10]
DCP_IRQHandler          0x7000'9441          Code  Wk  startup_MIMXRT1064.o [10]
DCP_VMI_IRQHandler      0x7000'9441          Code  Wk  startup_MIMXRT1064.o [10]
DMA0_DMA16_DriverIRQHandler
                        0x7000'9441          Code  Wk  startup_MIMXRT1064.o [10]
DMA0_DMA16_IRQHandler   0x7000'9295          Code  Wk  startup_MIMXRT1064.o [10]
DMA10_DMA26_DriverIRQHandler
                        0x7000'9441          Code  Wk  startup_MIMXRT1064.o [10]
DMA10_DMA26_IRQHandler  0x7000'92e5          Code  Wk  startup_MIMXRT1064.o [10]
DMA11_DMA27_DriverIRQHandler
                        0x7000'9441          Code  Wk  startup_MIMXRT1064.o [10]
DMA11_DMA27_IRQHandler  0x7000'92ed          Code  Wk  startup_MIMXRT1064.o [10]
DMA12_DMA28_DriverIRQHandler
                        0x7000'9441          Code  Wk  startup_MIMXRT1064.o [10]
DMA12_DMA28_IRQHandler  0x7000'92f5          Code  Wk  startup_MIMXRT1064.o [10]
DMA13_DMA29_DriverIRQHandler
                        0x7000'9441          Code  Wk  startup_MIMXRT1064.o [10]
DMA13_DMA29_IRQHandler  0x7000'92fd          Code  Wk  startup_MIMXRT1064.o [10]
DMA14_DMA30_DriverIRQHandler
                        0x7000'9441          Code  Wk  startup_MIMXRT1064.o [10]
DMA14_DMA30_IRQHandler  0x7000'9305          Code  Wk  startup_MIMXRT1064.o [10]
DMA15_DMA31_DriverIRQHandler
                        0x7000'9441          Code  Wk  startup_MIMXRT1064.o [10]
DMA15_DMA31_IRQHandler  0x7000'930d          Code  Wk  startup_MIMXRT1064.o [10]
DMA1_DMA17_DriverIRQHandler
                        0x7000'9441          Code  Wk  startup_MIMXRT1064.o [10]
DMA1_DMA17_IRQHandler   0x7000'929d          Code  Wk  startup_MIMXRT1064.o [10]
DMA2_DMA18_DriverIRQHandler
                        0x7000'9441          Code  Wk  startup_MIMXRT1064.o [10]
DMA2_DMA18_IRQHandler   0x7000'92a5          Code  Wk  startup_MIMXRT1064.o [10]
DMA3_DMA19_DriverIRQHandler
                        0x7000'9441          Code  Wk  startup_MIMXRT1064.o [10]
DMA3_DMA19_IRQHandler   0x7000'92ad          Code  Wk  startup_MIMXRT1064.o [10]
DMA4_DMA20_DriverIRQHandler
                        0x7000'9441          Code  Wk  startup_MIMXRT1064.o [10]
DMA4_DMA20_IRQHandler   0x7000'92b5          Code  Wk  startup_MIMXRT1064.o [10]
DMA5_DMA21_DriverIRQHandler
                        0x7000'9441          Code  Wk  startup_MIMXRT1064.o [10]
DMA5_DMA21_IRQHandler   0x7000'92bd          Code  Wk  startup_MIMXRT1064.o [10]
DMA6_DMA22_DriverIRQHandler
                        0x7000'9441          Code  Wk  startup_MIMXRT1064.o [10]
DMA6_DMA22_IRQHandler   0x7000'92c5          Code  Wk  startup_MIMXRT1064.o [10]
DMA7_DMA23_DriverIRQHandler
                        0x7000'9441          Code  Wk  startup_MIMXRT1064.o [10]
DMA7_DMA23_IRQHandler   0x7000'92cd          Code  Wk  startup_MIMXRT1064.o [10]
DMA8_DMA24_DriverIRQHandler
                        0x7000'9441          Code  Wk  startup_MIMXRT1064.o [10]
DMA8_DMA24_IRQHandler   0x7000'92d5          Code  Wk  startup_MIMXRT1064.o [10]
DMA9_DMA25_DriverIRQHandler
                        0x7000'9441          Code  Wk  startup_MIMXRT1064.o [10]
DMA9_DMA25_IRQHandler   0x7000'92dd          Code  Wk  startup_MIMXRT1064.o [10]
DMA_ERROR_DriverIRQHandler
                        0x7000'9441          Code  Wk  startup_MIMXRT1064.o [10]
DMA_ERROR_IRQHandler    0x7000'9315          Code  Wk  startup_MIMXRT1064.o [10]
DbgConsole_ConvertRadixNumToString
                        0x7000'58d9    0x66  Code  Lc  fsl_debug_console.o [4]
DbgConsole_Init         0x7000'57f5    0x62  Code  Gb  fsl_debug_console.o [4]
DbgConsole_Printf       0x7000'5857    0x10  Code  Gb  fsl_debug_console.o [4]
DbgConsole_PrintfFormattedData
                        0x7000'593f   0x28a  Code  Lc  fsl_debug_console.o [4]
DbgConsole_PrintfPaddingCharacter
                        0x7000'58b1    0x28  Code  Lc  fsl_debug_console.o [4]
DbgConsole_Putchar      0x7000'5889    0x1c  Code  Gb  fsl_debug_console.o [4]
DbgConsole_Vprintf      0x7000'5867    0x20  Code  Gb  fsl_debug_console.o [4]
DebugMon_Handler        0x7000'604f          Code  Wk  startup_MIMXRT1064.o [10]
DefaultISR              0x7000'9441          Code  Wk  startup_MIMXRT1064.o [10]
ENC1_IRQHandler         0x7000'9441          Code  Wk  startup_MIMXRT1064.o [10]
ENC2_IRQHandler         0x7000'9441          Code  Wk  startup_MIMXRT1064.o [10]
ENC3_IRQHandler         0x7000'9441          Code  Wk  startup_MIMXRT1064.o [10]
ENC4_IRQHandler         0x7000'9441          Code  Wk  startup_MIMXRT1064.o [10]
ENET2_1588_Timer_DriverIRQHandler
                        0x7000'9441          Code  Wk  startup_MIMXRT1064.o [10]
ENET2_1588_Timer_IRQHandler
                        0x7000'941d          Code  Wk  startup_MIMXRT1064.o [10]
ENET2_DriverIRQHandler  0x7000'9441          Code  Wk  startup_MIMXRT1064.o [10]
ENET2_IRQHandler        0x7000'9415          Code  Wk  startup_MIMXRT1064.o [10]
ENET_1588_Timer_DriverIRQHandler
                        0x7000'9441          Code  Wk  startup_MIMXRT1064.o [10]
ENET_1588_Timer_IRQHandler
                        0x7000'940d          Code  Wk  startup_MIMXRT1064.o [10]
ENET_DriverIRQHandler   0x7000'9441          Code  Wk  startup_MIMXRT1064.o [10]
ENET_IRQHandler         0x7000'9405          Code  Wk  startup_MIMXRT1064.o [10]
EWM_IRQHandler          0x7000'9441          Code  Wk  startup_MIMXRT1064.o [10]
FLEXIO1_DriverIRQHandler
                        0x7000'9441          Code  Wk  startup_MIMXRT1064.o [10]
FLEXIO1_IRQHandler      0x7000'93d5          Code  Wk  startup_MIMXRT1064.o [10]
FLEXIO2_DriverIRQHandler
                        0x7000'9441          Code  Wk  startup_MIMXRT1064.o [10]
FLEXIO2_IRQHandler      0x7000'93dd          Code  Wk  startup_MIMXRT1064.o [10]
FLEXIO3_DriverIRQHandler
                        0x7000'9441          Code  Wk  startup_MIMXRT1064.o [10]
FLEXIO3_IRQHandler      0x7000'942d          Code  Wk  startup_MIMXRT1064.o [10]
FLEXRAM_IRQHandler      0x7000'9441          Code  Wk  startup_MIMXRT1064.o [10]
FLEXSPI2_DriverIRQHandler
                        0x7000'9441          Code  Wk  startup_MIMXRT1064.o [10]
FLEXSPI2_IRQHandler     0x7000'93e5          Code  Wk  startup_MIMXRT1064.o [10]
FLEXSPI_DriverIRQHandler
                        0x7000'9441          Code  Wk  startup_MIMXRT1064.o [10]
FLEXSPI_IRQHandler      0x7000'93ed          Code  Wk  startup_MIMXRT1064.o [10]
GPC_IRQHandler          0x7000'9441          Code  Wk  startup_MIMXRT1064.o [10]
GPIO10_IRQHandler       0x7000'9441          Code  Wk  startup_MIMXRT1064.o [10]
GPIO1_Combined_0_15_IRQHandler
                        0x7000'9441          Code  Wk  startup_MIMXRT1064.o [10]
GPIO1_Combined_16_31_IRQHandler
                        0x7000'9441          Code  Wk  startup_MIMXRT1064.o [10]
GPIO1_INT0_IRQHandler   0x7000'9441          Code  Wk  startup_MIMXRT1064.o [10]
GPIO1_INT1_IRQHandler   0x7000'9441          Code  Wk  startup_MIMXRT1064.o [10]
GPIO1_INT2_IRQHandler   0x7000'9441          Code  Wk  startup_MIMXRT1064.o [10]
GPIO1_INT3_IRQHandler   0x7000'9441          Code  Wk  startup_MIMXRT1064.o [10]
GPIO1_INT4_IRQHandler   0x7000'9441          Code  Wk  startup_MIMXRT1064.o [10]
GPIO1_INT5_IRQHandler   0x7000'9441          Code  Wk  startup_MIMXRT1064.o [10]
GPIO1_INT6_IRQHandler   0x7000'9441          Code  Wk  startup_MIMXRT1064.o [10]
GPIO1_INT7_IRQHandler   0x7000'9441          Code  Wk  startup_MIMXRT1064.o [10]
GPIO2_Combined_0_15_IRQHandler
                        0x7000'9441          Code  Wk  startup_MIMXRT1064.o [10]
GPIO2_Combined_16_31_IRQHandler
                        0x7000'9441          Code  Wk  startup_MIMXRT1064.o [10]
GPIO3_Combined_0_15_IRQHandler
                        0x7000'9441          Code  Wk  startup_MIMXRT1064.o [10]
GPIO3_Combined_16_31_IRQHandler
                        0x7000'9441          Code  Wk  startup_MIMXRT1064.o [10]
GPIO4_Combined_0_15_IRQHandler
                        0x7000'9441          Code  Wk  startup_MIMXRT1064.o [10]
GPIO4_Combined_16_31_IRQHandler
                        0x7000'9441          Code  Wk  startup_MIMXRT1064.o [10]
GPIO5_Combined_0_15_IRQHandler
                        0x7000'9441          Code  Wk  startup_MIMXRT1064.o [10]
GPIO5_Combined_16_31_IRQHandler
                        0x7000'9441          Code  Wk  startup_MIMXRT1064.o [10]
GPIO6_7_8_9_IRQHandler  0x7000'9441          Code  Wk  startup_MIMXRT1064.o [10]
GPIO_GetInstance        0x7000'7171    0x2c  Code  Lc  fsl_gpio.o [6]
GPIO_PinInit            0x7000'719d    0x62  Code  Gb  fsl_gpio.o [6]
GPIO_PinSetInterruptConfig
                        0x7000'7237    0xc4  Code  Gb  fsl_gpio.o [6]
GPIO_PinWrite           0x7000'71ff    0x38  Code  Gb  fsl_gpio.o [6]
GPIO_SetPinInterruptConfig
                        0x7000'7167     0xa  Code  Lc  fsl_gpio.o [6]
GPIO_WritePinOutput     0x7000'6d59     0xa  Code  Lc  systemTimer.o [3]
GPR_IRQ_IRQHandler      0x7000'9441          Code  Wk  startup_MIMXRT1064.o [10]
GPT1_IRQHandler         0x7000'9441          Code  Wk  startup_MIMXRT1064.o [10]
GPT2_IRQHandler         0x7000'9441          Code  Wk  startup_MIMXRT1064.o [10]
HAL_UartGetStatus       0x7000'5dfd    0x10  Code  Lc  fsl_adapter_lpuart.o [11]
HAL_UartInit            0x7000'5ec9    0x78  Code  Gb  fsl_adapter_lpuart.o [11]
HAL_UartInitCommon      0x7000'5e0d    0xbc  Code  Lc  fsl_adapter_lpuart.o [11]
HAL_UartReceiveBlocking
                        0x7000'5f41    0x5a  Code  Gb  fsl_adapter_lpuart.o [11]
HAL_UartSendBlocking    0x7000'5f9b    0x58  Code  Gb  fsl_adapter_lpuart.o [11]
HardFault_Handler       0x7000'48cb          Code  Wk  startup_MIMXRT1064.o [10]
IOMUXC_MQSConfig        0x7000'4b63    0x20  Code  Lc  clock_config.o [2]
IOMUXC_SetPinConfig     0x7000'7c33     0xc  Code  Lc  pin_mux.o [2]
IOMUXC_SetPinMux        0x7000'7c17    0x1c  Code  Lc  pin_mux.o [2]
IOMUXC_SetSaiMClkClockSource
                        0x7000'4b27    0x3c  Code  Lc  clock_config.o [2]
KPP_IRQHandler          0x7000'9441          Code  Wk  startup_MIMXRT1064.o [10]
LCDIF_IRQHandler        0x7000'9441          Code  Wk  startup_MIMXRT1064.o [10]
LPI2C1_DriverIRQHandler
                        0x7000'9441          Code  Wk  startup_MIMXRT1064.o [10]
LPI2C1_IRQHandler       0x7000'935d          Code  Wk  startup_MIMXRT1064.o [10]
LPI2C2_DriverIRQHandler
                        0x7000'9441          Code  Wk  startup_MIMXRT1064.o [10]
LPI2C2_IRQHandler       0x7000'9365          Code  Wk  startup_MIMXRT1064.o [10]
LPI2C3_DriverIRQHandler
                        0x7000'9441          Code  Wk  startup_MIMXRT1064.o [10]
LPI2C3_IRQHandler       0x7000'936d          Code  Wk  startup_MIMXRT1064.o [10]
LPI2C4_DriverIRQHandler
                        0x7000'9441          Code  Wk  startup_MIMXRT1064.o [10]
LPI2C4_IRQHandler       0x7000'9375          Code  Wk  startup_MIMXRT1064.o [10]
LPSPI1_DriverIRQHandler
                        0x7000'9441          Code  Wk  startup_MIMXRT1064.o [10]
LPSPI1_IRQHandler       0x7000'937d          Code  Wk  startup_MIMXRT1064.o [10]
LPSPI2_DriverIRQHandler
                        0x7000'9441          Code  Wk  startup_MIMXRT1064.o [10]
LPSPI2_IRQHandler       0x7000'9385          Code  Wk  startup_MIMXRT1064.o [10]
LPSPI3_DriverIRQHandler
                        0x7000'9441          Code  Wk  startup_MIMXRT1064.o [10]
LPSPI3_IRQHandler       0x7000'938d          Code  Wk  startup_MIMXRT1064.o [10]
LPSPI4_DriverIRQHandler
                        0x7000'9441          Code  Wk  startup_MIMXRT1064.o [10]
LPSPI4_IRQHandler       0x7000'9395          Code  Wk  startup_MIMXRT1064.o [10]
LPUART1_DriverIRQHandler
                        0x7000'6605    0x14  Code  Gb  fsl_lpuart.o [6]
LPUART1_IRQHandler      0x7000'931d          Code  Wk  startup_MIMXRT1064.o [10]
LPUART2_DriverIRQHandler
                        0x7000'6619    0x14  Code  Gb  fsl_lpuart.o [6]
LPUART2_IRQHandler      0x7000'9325          Code  Wk  startup_MIMXRT1064.o [10]
LPUART3_DriverIRQHandler
                        0x7000'662d    0x14  Code  Gb  fsl_lpuart.o [6]
LPUART3_IRQHandler      0x7000'932d          Code  Wk  startup_MIMXRT1064.o [10]
LPUART4_DriverIRQHandler
                        0x7000'6641    0x14  Code  Gb  fsl_lpuart.o [6]
LPUART4_IRQHandler      0x7000'9335          Code  Wk  startup_MIMXRT1064.o [10]
LPUART5_DriverIRQHandler
                        0x7000'6655    0x14  Code  Gb  fsl_lpuart.o [6]
LPUART5_IRQHandler      0x7000'933d          Code  Wk  startup_MIMXRT1064.o [10]
LPUART6_DriverIRQHandler
                        0x7000'6669    0x14  Code  Gb  fsl_lpuart.o [6]
LPUART6_IRQHandler      0x7000'9345          Code  Wk  startup_MIMXRT1064.o [10]
LPUART7_DriverIRQHandler
                        0x7000'667d    0x14  Code  Gb  fsl_lpuart.o [6]
LPUART7_IRQHandler      0x7000'934d          Code  Wk  startup_MIMXRT1064.o [10]
LPUART8_DriverIRQHandler
                        0x7000'6693    0x14  Code  Gb  fsl_lpuart.o [6]
LPUART8_IRQHandler      0x7000'9355          Code  Wk  startup_MIMXRT1064.o [10]
LPUART_ClearStatusFlags
                        0x7000'6451    0x3c  Code  Gb  fsl_lpuart.o [6]
LPUART_GetDefaultConfig
                        0x7000'63c3    0x78  Code  Gb  fsl_lpuart.o [6]
LPUART_GetInstance      0x7000'60cb    0x32  Code  Gb  fsl_lpuart.o [6]
LPUART_GetStatusFlags   0x7000'643b    0x16  Code  Gb  fsl_lpuart.o [6]
LPUART_Init             0x7000'60fd   0x2c6  Code  Gb  fsl_lpuart.o [6]
LPUART_ReadBlocking     0x7000'655d    0x62  Code  Gb  fsl_lpuart.o [6]
LPUART_SoftwareReset    0x7000'60b9    0x12  Code  Lc  fsl_lpuart.o [6]
LPUART_WaitForReadData  0x7000'64cb    0x92  Code  Lc  fsl_lpuart.o [6]
LPUART_WriteBlocking    0x7000'648d    0x3e  Code  Gb  fsl_lpuart.o [6]
MemManage_Handler       0x7000'4973          Code  Wk  startup_MIMXRT1064.o [10]
NMI_Handler             0x7000'48c3          Code  Wk  startup_MIMXRT1064.o [10]
PIT_IRQHandler          0x7000'9441          Code  Wk  startup_MIMXRT1064.o [10]
PMU_EVENT_IRQHandler    0x7000'9441          Code  Wk  startup_MIMXRT1064.o [10]
PWM1_0_IRQHandler       0x7000'9441          Code  Wk  startup_MIMXRT1064.o [10]
PWM1_1_IRQHandler       0x7000'9441          Code  Wk  startup_MIMXRT1064.o [10]
PWM1_2_IRQHandler       0x7000'9441          Code  Wk  startup_MIMXRT1064.o [10]
PWM1_3_IRQHandler       0x7000'9441          Code  Wk  startup_MIMXRT1064.o [10]
PWM1_FAULT_IRQHandler   0x7000'9441          Code  Wk  startup_MIMXRT1064.o [10]
PWM2_0_IRQHandler       0x7000'9441          Code  Wk  startup_MIMXRT1064.o [10]
PWM2_1_IRQHandler       0x7000'9441          Code  Wk  startup_MIMXRT1064.o [10]
PWM2_2_IRQHandler       0x7000'9441          Code  Wk  startup_MIMXRT1064.o [10]
PWM2_3_IRQHandler       0x7000'9441          Code  Wk  startup_MIMXRT1064.o [10]
PWM2_FAULT_IRQHandler   0x7000'9441          Code  Wk  startup_MIMXRT1064.o [10]
PWM3_0_IRQHandler       0x7000'9441          Code  Wk  startup_MIMXRT1064.o [10]
PWM3_1_IRQHandler       0x7000'9441          Code  Wk  startup_MIMXRT1064.o [10]
PWM3_2_IRQHandler       0x7000'9441          Code  Wk  startup_MIMXRT1064.o [10]
PWM3_3_IRQHandler       0x7000'9441          Code  Wk  startup_MIMXRT1064.o [10]
PWM3_FAULT_IRQHandler   0x7000'9441          Code  Wk  startup_MIMXRT1064.o [10]
PWM4_0_IRQHandler       0x7000'9441          Code  Wk  startup_MIMXRT1064.o [10]
PWM4_1_IRQHandler       0x7000'9441          Code  Wk  startup_MIMXRT1064.o [10]
PWM4_2_IRQHandler       0x7000'9441          Code  Wk  startup_MIMXRT1064.o [10]
PWM4_3_IRQHandler       0x7000'9441          Code  Wk  startup_MIMXRT1064.o [10]
PWM4_FAULT_IRQHandler   0x7000'9441          Code  Wk  startup_MIMXRT1064.o [10]
PXP_IRQHandler          0x7000'9441          Code  Wk  startup_MIMXRT1064.o [10]
PendSV_Handler          0x7000'4011          Code  Gb  portasm.o [1]
RTWDOG_IRQHandler       0x7000'9441          Code  Wk  startup_MIMXRT1064.o [10]
RW$$Base                0x2000'0000           --   Gb  - Linker created -
RW$$Limit               0x2000'0018           --   Gb  - Linker created -
Region$$Table$$Base     0x7000'8d34           --   Gb  - Linker created -
Region$$Table$$Limit    0x7000'8d58           --   Gb  - Linker created -
Reserved115_IRQHandler  0x7000'9441          Code  Wk  startup_MIMXRT1064.o [10]
Reserved143_IRQHandler  0x7000'9441          Code  Wk  startup_MIMXRT1064.o [10]
Reserved144_IRQHandler  0x7000'9441          Code  Wk  startup_MIMXRT1064.o [10]
Reserved171_IRQHandler  0x7000'9441          Code  Wk  startup_MIMXRT1064.o [10]
Reserved68_IRQHandler   0x7000'9441          Code  Wk  startup_MIMXRT1064.o [10]
Reserved78_IRQHandler   0x7000'9441          Code  Wk  startup_MIMXRT1064.o [10]
Reserved86_IRQHandler   0x7000'9441          Code  Wk  startup_MIMXRT1064.o [10]
Reset_Handler           0x7000'8be9          Code  Wk  startup_MIMXRT1064.o [10]
SAI1_DriverIRQHandler   0x7000'9441          Code  Wk  startup_MIMXRT1064.o [10]
SAI1_IRQHandler         0x7000'93ad          Code  Wk  startup_MIMXRT1064.o [10]
SAI2_DriverIRQHandler   0x7000'9441          Code  Wk  startup_MIMXRT1064.o [10]
SAI2_IRQHandler         0x7000'93b5          Code  Wk  startup_MIMXRT1064.o [10]
SAI3_RX_DriverIRQHandler
                        0x7000'9441          Code  Wk  startup_MIMXRT1064.o [10]
SAI3_RX_IRQHandler      0x7000'93bd          Code  Wk  startup_MIMXRT1064.o [10]
SAI3_TX_DriverIRQHandler
                        0x7000'9441          Code  Wk  startup_MIMXRT1064.o [10]
SAI3_TX_IRQHandler      0x7000'93c5          Code  Wk  startup_MIMXRT1064.o [10]
SEMC_IRQHandler         0x7000'9441          Code  Wk  startup_MIMXRT1064.o [10]
SJC_IRQHandler          0x7000'9441          Code  Wk  startup_MIMXRT1064.o [10]
SNVS_HP_CheckDatetimeFormat
                        0x7000'7341    0x9e  Code  Lc  fsl_snvs_hp.o [6]
SNVS_HP_ConvertDatetimeToSeconds
                        0x7000'73df    0x7a  Code  Lc  fsl_snvs_hp.o [6]
SNVS_HP_ConvertSecondsToDatetime
                        0x7000'7459    0xbc  Code  Lc  fsl_snvs_hp.o [6]
SNVS_HP_Init            0x7000'7515     0x2  Code  Gb  fsl_snvs_hp.o [6]
SNVS_HP_RTC_GetDatetime
                        0x7000'75fd    0x28  Code  Gb  fsl_snvs_hp.o [6]
SNVS_HP_RTC_GetDefaultConfig
                        0x7000'7563    0x32  Code  Gb  fsl_snvs_hp.o [6]
SNVS_HP_RTC_GetSeconds  0x7000'7595    0x18  Code  Lc  fsl_snvs_hp.o [6]
SNVS_HP_RTC_Init        0x7000'7517    0x4c  Code  Gb  fsl_snvs_hp.o [6]
SNVS_HP_RTC_SetDatetime
                        0x7000'75ad    0x50  Code  Gb  fsl_snvs_hp.o [6]
SNVS_HP_RTC_StartTimer  0x7000'7321    0x10  Code  Lc  fsl_snvs_hp.o [6]
SNVS_HP_RTC_StartTimer  0x7000'6e69    0x10  Code  Lc  realtimeClock.o [3]
SNVS_HP_RTC_StopTimer   0x7000'7331    0x10  Code  Lc  fsl_snvs_hp.o [6]
SNVS_HP_WRAPPER_IRQHandler
                        0x7000'9441          Code  Wk  startup_MIMXRT1064.o [10]
SNVS_HP_WRAPPER_TZ_IRQHandler
                        0x7000'9441          Code  Wk  startup_MIMXRT1064.o [10]
SNVS_LP_WRAPPER_IRQHandler
                        0x7000'9441          Code  Wk  startup_MIMXRT1064.o [10]
SPDIF_DriverIRQHandler  0x7000'9441          Code  Wk  startup_MIMXRT1064.o [10]
SPDIF_IRQHandler        0x7000'93cd          Code  Wk  startup_MIMXRT1064.o [10]
SRC_IRQHandler          0x7000'9441          Code  Wk  startup_MIMXRT1064.o [10]
SVC_Handler             0x7000'4069          Code  Gb  portasm.o [1]
SysTick_Handler         0x7000'3ab1    0x28  Code  Gb  port.o [1]
SystemCoreClock         0x2000'0004     0x4  Data  Gb  system_MIMXRT1064.o [5]
SystemInit              0x7000'7ce1    0xc4  Code  Gb  system_MIMXRT1064.o [5]
SystemInitHook          0x7000'7dd5     0x2  Code  Wk  system_MIMXRT1064.o [5]
TEMP_LOW_HIGH_IRQHandler
                        0x7000'9441          Code  Wk  startup_MIMXRT1064.o [10]
TEMP_PANIC_IRQHandler   0x7000'9441          Code  Wk  startup_MIMXRT1064.o [10]
TMR1_IRQHandler         0x7000'9441          Code  Wk  startup_MIMXRT1064.o [10]
TMR2_IRQHandler         0x7000'9441          Code  Wk  startup_MIMXRT1064.o [10]
TMR3_IRQHandler         0x7000'9441          Code  Wk  startup_MIMXRT1064.o [10]
TMR4_IRQHandler         0x7000'9441          Code  Wk  startup_MIMXRT1064.o [10]
TRNG_IRQHandler         0x7000'9441          Code  Wk  startup_MIMXRT1064.o [10]
TSC_DIG_IRQHandler      0x7000'9441          Code  Wk  startup_MIMXRT1064.o [10]
USB_OTG1_IRQHandler     0x7000'9441          Code  Wk  startup_MIMXRT1064.o [10]
USB_OTG2_IRQHandler     0x7000'9441          Code  Wk  startup_MIMXRT1064.o [10]
USB_PHY1_IRQHandler     0x7000'9441          Code  Wk  startup_MIMXRT1064.o [10]
USB_PHY2_IRQHandler     0x7000'9441          Code  Wk  startup_MIMXRT1064.o [10]
USDHC1_DriverIRQHandler
                        0x7000'9441          Code  Wk  startup_MIMXRT1064.o [10]
USDHC1_IRQHandler       0x7000'93f5          Code  Wk  startup_MIMXRT1064.o [10]
USDHC2_DriverIRQHandler
                        0x7000'9441          Code  Wk  startup_MIMXRT1064.o [10]
USDHC2_IRQHandler       0x7000'93fd          Code  Wk  startup_MIMXRT1064.o [10]
UsageFault_Handler      0x7000'604b          Code  Wk  startup_MIMXRT1064.o [10]
WDOG1_IRQHandler        0x7000'9441          Code  Wk  startup_MIMXRT1064.o [10]
WDOG2_IRQHandler        0x7000'9441          Code  Wk  startup_MIMXRT1064.o [10]
XBAR1_IRQ_0_1_IRQHandler
                        0x7000'9441          Code  Wk  startup_MIMXRT1064.o [10]
XBAR1_IRQ_2_3_IRQHandler
                        0x7000'9441          Code  Wk  startup_MIMXRT1064.o [10]
ZI$$Base                0x2000'0018           --   Gb  - Linker created -
ZI$$Limit               0x2000'8294           --   Gb  - Linker created -
_SDK_AtomicLocalClearAndSet4Byte
                        0x7000'49a9    0x16  Code  Lc  clock_config.o [2]
_SDK_AtomicLocalClearAndSet4Byte
                        0x7000'7105    0x16  Code  Lc  fsl_gpio.o [6]
_SDK_AtomicLocalClearAndSet4Byte
                        0x7000'6051    0x16  Code  Lc  fsl_lpuart.o [6]
_SDK_AtomicLocalClearAndSet4Byte
                        0x7000'7bb5    0x16  Code  Lc  pin_mux.o [2]
__NCACHE_REGION_SIZE {Abs}
                                0x0           --   Gb  <internal module>
__NCACHE_REGION_START {Abs}
                        0x2020'0000           --   Gb  <internal module>
__RAM_VECTOR_TABLE_SIZE {Abs}
                                0x0           --   Gb  <internal module>
__VECTOR_RAM {Abs}      0x7000'2000           --   Gb  <internal module>
__VECTOR_TABLE {Abs}    0x7000'2000           --   Gb  <internal module>
__Vectors               0x7000'2000           --   Gb  startup_MIMXRT1064.o [10]
__Vectors_End           0x7000'2400          Data  Gb  startup_MIMXRT1064.o [10]
__Vectors_Size {Abs}          0x400           --   Gb  startup_MIMXRT1064.o [10]
__aeabi_assert          0x7000'527d    0x34  Code  Gb  fsl_assert.o [4]
__aeabi_ldiv0           0x7000'604d          Code  Gb  I64DivZer.o [15]
__aeabi_memclr4         0x7000'48c5          Code  Gb  ABImemclr4.o [15]
__aeabi_memcpy          0x7000'48cd          Code  Gb  ABImemcpy.o [15]
__aeabi_memcpy4         0x7000'48ed          Code  Gb  ABImemcpy.o [15]
__aeabi_memcpy8         0x7000'48ed          Code  Gb  ABImemcpy.o [15]
__aeabi_memset          0x7000'379d          Code  Gb  ABImemset.o [15]
__aeabi_uldivmod        0x7000'5bcd          Code  Gb  I64DivMod.o [15]
__cmain                 0x7000'8e39          Code  Gb  cmain.o [15]
__exit                  0x7000'8e8d    0x14  Code  Gb  exit.o [16]
__iar_Errno             0x2000'828c     0x4  Tls   Gb  errno.o [13]
__iar_Memchr            0x7000'7781          Code  Gb  memchr.o [15]
__iar_Memset            0x7000'379d          Code  Gb  ABImemset.o [15]
__iar_Memset4_word      0x7000'4975          Code  Gb  ABImemset48.o [15]
__iar_Memset8_word      0x7000'4975          Code  Gb  ABImemset48.o [15]
__iar_Memset_word       0x7000'37a5          Code  Gb  ABImemset.o [15]
__iar_Stoul             0x7000'7771     0x2  Code  Gb  iar_Stoulx.o [13]
__iar_Stoulx            0x7000'7641   0x12a  Code  Gb  iar_Stoulx.o [13]
__iar_copy_init3        0x7000'389b    0x2a  Code  Gb  copy_init3.o [15]
__iar_data_init3        0x7000'8c11    0x28  Code  Gb  data_init.o [15]
__iar_errno_set_ERANGE  0x7000'77d9     0xc  Code  Gb  errno.o [13]
__iar_init_vfp          0x7000'8d11          Code  Gb  fpinit_M.o [14]
__iar_nothread_read_tp  0x7000'77f1     0x4  Code  Gb  tp_nothreads.o [13]
__iar_program_start     0x7000'8f65          Code  Gb  cstartup_M.o [15]
__iar_zero_init3        0x7000'860d    0x38  Code  Gb  zero_init3.o [15]
__low_level_init        0x7000'8e57     0x4  Code  Gb  low_level_init.o [13]
__vector_table          0x7000'2000          Data  Gb  startup_MIMXRT1064.o [10]
__vector_table_0x1c     0x7000'201c          Data  Gb  startup_MIMXRT1064.o [10]
_call_main              0x7000'8e45          Code  Gb  cmain.o [15]
_exit                   0x7000'8e81          Code  Gb  cexit.o [15]
armPllConfig_BOARD_BootClockRUN
                        0x7000'923c     0x8  Data  Gb  clock_config.o [2]
atoi                    0x7000'7773     0x2  Code  Gb  iar_Stoulx.o [13]
createHeartBeatTimer    0x7000'6d89    0x48  Code  Gb  systemTimer.o [3]
createIdleTask          0x7000'70a9    0x20  Code  Gb  idleTask.o [3]
createThreadManagerTask
                        0x7000'6755    0x3e  Code  Gb  threadManager.o [3]
currTime_               0x2000'80f8     0xc  Data  Lc  realtimeClock.o [3]
dProperties             0x2000'8248     0x8  Data  Lc  threadManager.o [3]
digits                  0x7000'8178    0x28  Data  Lc  iar_Stoulx.o [13]
exit                    0x7000'8e67     0x4  Code  Gb  exit.o [13]
fsl_assert_hook         0x7000'5bc9     0x4  Code  Wk  fsl_assert.o [4]
g_boot_data             0x7000'1020    0x10  Data  Gb  fsl_flexspi_nor_boot.o [12]
g_rtcXtalFreq           0x2000'001c     0x4  Data  Gb  fsl_clock.o [6]
g_xtalFreq              0x2000'0018     0x4  Data  Gb  fsl_clock.o [6]
getThreadManagerQueueHandle
                        0x7000'6c7d     0x6  Code  Gb  queueManager.o [3]
handleManagerMsg        0x7000'67f9   0x1a2  Code  Lc  threadManager.o [3]
heartBeatCallback       0x7000'6e05    0x40  Code  Gb  systemTimer.o [3]
heartBeat_              0x2000'8104     0x4  Data  Lc  systemTimer.o [3]
idleTask                0x7000'70c9    0x26  Code  Lc  idleTask.o [3]
image_vector_table      0x7000'1000    0x20  Data  Gb  fsl_flexspi_nor_boot.o [12]
initTimeAndDate         0x7000'6e79    0x8a  Code  Gb  realtimeClock.o [3]
initTimers              0x7000'6d63    0x26  Code  Gb  systemTimer.o [3]
initializeQueueManager  0x7000'6c83    0xb8  Code  Gb  queueManager.o [3]
m_boot_hdr_conf_start {Abs}
                        0x7000'0000           --   Gb  <internal module>
main                    0x7000'8e5b     0xc  Code  Gb  unifiedScale.o [9]
managedTaskHandles_     0x2000'821c    0x28  Data  Lc  threadManager.o [3]
managerHandle_          0x2000'8214     0x4  Data  Lc  threadManager.o [3]
managerQHandle_         0x2000'8218     0x4  Data  Lc  threadManager.o [3]
memchr                  0x7000'7781          Code  Gb  memchr.o [15]
model_                  0x2000'8293     0x1  Data  Lc  threadManager.o [3]
mutRTC                  0x2000'80f4     0x4  Data  Lc  realtimeClock.o [3]
ndigs                   0x7000'8150    0x28  Data  Lc  iar_Stoulx.o [13]
pHandle_                0x2000'8098     0x4  Data  Lc  idleTask.o [3]
pThreadManagerQueue_    0x2000'80f0     0x4  Data  Lc  queueManager.o [3]
pUSBInPrQueue_          0x2000'80e0     0x4  Data  Lc  queueManager.o [3]
pUSBInWrQueue_          0x2000'80e4     0x4  Data  Lc  queueManager.o [3]
pUSBOutPrQueue_         0x2000'80e8     0x4  Data  Lc  queueManager.o [3]
pUSBOutWrQueue_         0x2000'80ec     0x4  Data  Lc  queueManager.o [3]
pcTaskGetName           0x7000'2b5f    0x22  Code  Gb  tasks.o [7]
prvAddCurrentTaskToDelayedList
                        0x7000'3359    0xb4  Code  Lc  tasks.o [7]
prvAddNewTaskToReadyList
                        0x7000'2551    0xc0  Code  Lc  tasks.o [7]
prvCheckForValidListAndQueue
                        0x7000'3f21    0x46  Code  Lc  timers.o [7]
prvCheckTasksWaitingTermination
                        0x7000'3035    0x3a  Code  Lc  tasks.o [7]
prvCopyDataFromQueue    0x7000'474f    0x2a  Code  Lc  queue.o [7]
prvCopyDataToQueue      0x7000'46c9    0x86  Code  Lc  queue.o [7]
prvCreateIdleTasks      0x7000'2943    0x66  Code  Lc  tasks.o [7]
prvCreateTask           0x7000'2401    0x66  Code  Lc  tasks.o [7]
prvDeleteTCB            0x7000'3075    0x12  Code  Lc  tasks.o [7]
prvGetHighestPriorityOfWaitToReceiveList
                        0x7000'46b5    0x14  Code  Lc  queue.o [7]
prvGetNextExpireTime    0x7000'3d37    0x26  Code  Lc  timers.o [7]
prvHeapInit             0x7000'3691    0x5a  Code  Lc  heap_4.o [8]
prvIdleTask             0x7000'2fad    0x22  Code  Lc  tasks.o [7]
prvInitialiseMutex      0x7000'4209    0x1e  Code  Lc  queue.o [7]
prvInitialiseNewQueue   0x7000'41e7    0x22  Code  Lc  queue.o [7]
prvInitialiseNewTask    0x7000'2487    0xca  Code  Lc  tasks.o [7]
prvInitialiseNewTimer   0x7000'3b8d    0x58  Code  Lc  timers.o [7]
prvInitialiseTaskLists  0x7000'2fe1    0x54  Code  Lc  tasks.o [7]
prvInsertBlockIntoFreeList
                        0x7000'36eb    0x90  Code  Lc  heap_4.o [8]
prvInsertTimerInActiveList
                        0x7000'3d83    0x3e  Code  Lc  timers.o [7]
prvIsQueueEmpty         0x7000'47e7    0x1c  Code  Lc  queue.o [7]
prvIsQueueFull          0x7000'4803    0x1e  Code  Lc  queue.o [7]
prvProcessExpiredTimer  0x7000'3c6d    0x3e  Code  Lc  timers.o [7]
prvProcessReceivedCommands
                        0x7000'3dc1   0x138  Code  Lc  timers.o [7]
prvProcessTimerOrBlockTask
                        0x7000'3cc1    0x76  Code  Lc  timers.o [7]
prvReloadTimer          0x7000'3c45    0x28  Code  Lc  timers.o [7]
prvResetNextTaskUnblockTime
                        0x7000'3087    0x24  Code  Lc  tasks.o [7]
prvSampleTimeNow        0x7000'3d5d    0x26  Code  Lc  timers.o [7]
prvSampleTimeNow::xLastTime
                        0x2000'8288     0x4  Data  Lc  timers.o [7]
prvSwitchTimerLists     0x7000'3ef9    0x28  Code  Lc  timers.o [7]
prvTaskExitError        0x7000'38ed    0x2a  Code  Lc  port.o [1]
prvTaskIsTaskSuspended  0x7000'2851    0x50  Code  Lc  tasks.o [7]
prvTimerTask            0x7000'3cad    0x14  Code  Lc  timers.o [7]
prvUnlockQueue          0x7000'4779    0x6e  Code  Lc  queue.o [7]
pvPortMalloc            0x7000'3439   0x1b2  Code  Gb  heap_4.o [8]
pvTaskIncrementMutexHeldCount
                        0x7000'3319    0x12  Code  Gb  tasks.o [7]
pvTimerGetTimerID       0x7000'3f67    0x26  Code  Gb  timers.o [7]
pxCurrentTCB            0x2000'8110     0x4  Data  Gb  tasks.o [7]
pxCurrentTimerList      0x2000'8278     0x4  Data  Lc  timers.o [7]
pxDelayedTaskList       0x2000'81a0     0x4  Data  Lc  tasks.o [7]
pxEnd                   0x2000'8084     0x4  Data  Lc  heap_4.o [8]
pxOverflowDelayedTaskList
                        0x2000'81a4     0x4  Data  Lc  tasks.o [7]
pxOverflowTimerList     0x2000'827c     0x4  Data  Lc  timers.o [7]
pxPortInitialiseStack   0x7000'38c5    0x28  Code  Gb  port.o [1]
pxReadyTasksLists       0x2000'8114    0x64  Data  Lc  tasks.o [7]
sTick                   0x2000'810c     0x4  Data  Gb  systemTimer.o [3]
s_LpuartAdapterBase     0x7000'8c38    0x24  Data  Lc  fsl_adapter_lpuart.o [11]
s_debugConsole          0x2000'0020    0x14  Data  Lc  fsl_debug_console.o [4]
s_gpioBases             0x7000'8884    0x2c  Data  Lc  fsl_gpio.o [6]
s_gpioClock             0x7000'9198     0xc  Data  Lc  fsl_gpio.o [6]
s_lpuartBases           0x7000'8c80    0x24  Data  Lc  fsl_lpuart.o [6]
s_lpuartClock           0x7000'9008    0x14  Data  Lc  fsl_lpuart.o [6]
s_lpuartHandle          0x2000'0034    0x24  Data  Gb  fsl_lpuart.o [6]
s_lpuartIsr             0x2000'0058    0x24  Data  Gb  fsl_lpuart.o [6]
showDateTime            0x7000'6f81    0xca  Code  Gb  realtimeClock.o [3]
showSystemBanner        0x7000'69a9   0x1d0  Code  Lc  threadManager.o [3]
startHeartBeatTimer     0x7000'6dd1    0x30  Code  Gb  systemTimer.o [3]
startSystemThreads      0x7000'699b     0xe  Code  Lc  threadManager.o [3]
strlen                  0x7000'6015          Code  Gb  strlen.o [15]
suspend_                0x2000'8290     0x1  Data  Lc  idleTask.o [3]
suspend_                0x2000'8292     0x1  Data  Lc  threadManager.o [3]
sysPllConfig_BOARD_BootClockRUN
                        0x7000'8fe0    0x14  Data  Gb  clock_config.o [2]
systemStartup           0x7000'66d9    0x7c  Code  Gb  threadManager.o [3]
taskPermissions         0x2000'000c     0xc  Data  Lc  threadManager.o [3]
threadManager           0x7000'6795    0x64  Code  Lc  threadManager.o [3]
timeAndDateDefault      0x7000'6f03    0x7e  Code  Lc  realtimeClock.o [3]
totalHeap_              0x2000'8244     0x4  Data  Lc  threadManager.o [3]
ucHeap                  0x2000'007c  0x8000  Data  Lc  heap_4.o [8]
ucMaxSysCallPriority    0x2000'8291     0x1  Data  Lc  port.o [1]
ulMaxPRIGROUPValue      0x2000'809c     0x4  Data  Lc  port.o [1]
uxCriticalNesting       0x2000'0000     0x4  Data  Lc  port.o [1]
uxCurrentNumberOfTasks  0x2000'81e8     0x4  Data  Lc  tasks.o [7]
uxDeletedTasksWaitingCleanUp
                        0x2000'81d0     0x4  Data  Lc  tasks.o [7]
uxListRemove            0x7000'3875    0x26  Code  Gb  list.o [7]
uxSchedulerSuspended    0x2000'8210     0x4  Data  Lc  tasks.o [7]
uxTaskNumber            0x2000'8204     0x4  Data  Lc  tasks.o [7]
uxTopReadyPriority      0x2000'81f0     0x4  Data  Lc  tasks.o [7]
uxTopUsedPriority       0x2000'0008     0x4  Data  Lc  tasks.o [7]
vListInitialise         0x7000'3803    0x1e  Code  Gb  list.o [7]
vListInitialiseItem     0x7000'3821     0x6  Code  Gb  list.o [7]
vListInsert             0x7000'383f    0x36  Code  Gb  list.o [7]
vListInsertEnd          0x7000'3827    0x18  Code  Gb  list.o [7]
vPortEnableVFP          0x7000'40a5          Code  Gb  portasm.o [1]
vPortEnterCritical      0x7000'3a51    0x34  Code  Gb  port.o [1]
vPortExitCritical       0x7000'3a85    0x2c  Code  Gb  port.o [1]
vPortFree               0x7000'35eb    0xa0  Code  Gb  heap_4.o [8]
vPortSetupTimerInterrupt
                        0x7000'3fdd    0x34  Code  Wk  port.o [1]
vPortStartFirstTask     0x7000'4085          Code  Gb  portasm.o [1]
vQueueAddToRegistry     0x7000'4821    0x52  Code  Gb  queue.o [7]
vQueueWaitForMessageRestricted
                        0x7000'4879    0x4a  Code  Gb  queue.o [7]
vTaskDelay              0x7000'2709    0x4c  Code  Gb  tasks.o [7]
vTaskDelete             0x7000'2611    0xf8  Code  Gb  tasks.o [7]
vTaskInternalSetTimeOutState
                        0x7000'2eed    0x12  Code  Gb  tasks.o [7]
vTaskMissedYield        0x7000'2f9f     0x8  Code  Gb  tasks.o [7]
vTaskPlaceOnEventList   0x7000'2d6f    0x2e  Code  Gb  tasks.o [7]
vTaskPlaceOnEventListRestricted
                        0x7000'2d9d    0x52  Code  Gb  tasks.o [7]
vTaskPriorityDisinheritAfterTimeout
                        0x7000'324d    0xc8  Code  Gb  tasks.o [7]
vTaskResume             0x7000'28a1    0xa2  Code  Gb  tasks.o [7]
vTaskStartScheduler     0x7000'29a9    0x5e  Code  Gb  tasks.o [7]
vTaskSuspend            0x7000'2755    0xfc  Code  Gb  tasks.o [7]
vTaskSuspendAll         0x7000'2a07     0xc  Code  Gb  tasks.o [7]
vTaskSwitchContext      0x7000'2cfd    0x72  Code  Gb  tasks.o [7]
vTimerSetTimerID        0x7000'3f8d    0x26  Code  Gb  timers.o [7]
xActiveTimerList1       0x2000'8250    0x14  Data  Lc  timers.o [7]
xActiveTimerList2       0x2000'8264    0x14  Data  Lc  timers.o [7]
xDelayedTaskList1       0x2000'8178    0x14  Data  Lc  tasks.o [7]
xDelayedTaskList2       0x2000'818c    0x14  Data  Lc  tasks.o [7]
xFreeBytesRemaining     0x2000'8088     0x4  Data  Lc  heap_4.o [8]
xHeapStructSize         0x7000'9434     0x4  Data  Lc  heap_4.o [8]
xIdleTaskHandles        0x2000'820c     0x4  Data  Lc  tasks.o [7]
xMinimumEverFreeBytesRemaining
                        0x2000'808c     0x4  Data  Lc  heap_4.o [8]
xMutex_                 0x2000'8108     0x4  Data  Lc  systemTimer.o [3]
xNextTaskUnblockTime    0x2000'8208     0x4  Data  Lc  tasks.o [7]
xNumOfOverflows         0x2000'8200     0x4  Data  Lc  tasks.o [7]
xNumberOfSuccessfulAllocations
                        0x2000'8090     0x4  Data  Lc  heap_4.o [8]
xNumberOfSuccessfulFrees
                        0x2000'8094     0x4  Data  Lc  heap_4.o [8]
xPendedTicks            0x2000'81f8     0x4  Data  Lc  tasks.o [7]
xPendingReadyList       0x2000'81a8    0x14  Data  Lc  tasks.o [7]
xPortGetFreeHeapSize    0x7000'368b     0x6  Code  Gb  heap_4.o [8]
xPortStartScheduler     0x7000'3917   0x13a  Code  Gb  port.o [1]
xQueueCreateMutex       0x7000'4227    0x1a  Code  Gb  queue.o [7]
xQueueGenericCreate     0x7000'4187    0x60  Code  Gb  queue.o [7]
xQueueGenericReset      0x7000'40c1    0xc6  Code  Gb  queue.o [7]
xQueueGenericSend       0x7000'4241   0x196  Code  Gb  queue.o [7]
xQueueReceive           0x7000'43d7   0x15a  Code  Gb  queue.o [7]
xQueueRegistry          0x2000'80a0    0x40  Data  Gb  queue.o [7]
xQueueSemaphoreTake     0x7000'4531   0x180  Code  Gb  queue.o [7]
xSchedulerRunning       0x2000'81f4     0x4  Data  Lc  tasks.o [7]
xStart                  0x2000'807c     0x8  Data  Lc  heap_4.o [8]
xSuspendedTaskList      0x2000'81d4    0x14  Data  Lc  tasks.o [7]
xTaskCheckForTimeOut    0x7000'2eff    0xa0  Code  Gb  tasks.o [7]
xTaskCreate             0x7000'2467    0x20  Code  Gb  tasks.o [7]
xTaskGetSchedulerState  0x7000'30ab    0x20  Code  Gb  tasks.o [7]
xTaskGetTickCount       0x7000'2b59     0x6  Code  Gb  tasks.o [7]
xTaskIncrementTick      0x7000'2bb5   0x148  Code  Gb  tasks.o [7]
xTaskPriorityDisinherit
                        0x7000'318d    0xba  Code  Gb  tasks.o [7]
xTaskPriorityInherit    0x7000'30d5    0xb4  Code  Gb  tasks.o [7]
xTaskRemoveFromEventList
                        0x7000'2def    0xf6  Code  Gb  tasks.o [7]
xTaskResumeAll          0x7000'2a13   0x146  Code  Gb  tasks.o [7]
xTasksWaitingTermination
                        0x2000'81bc    0x14  Data  Lc  tasks.o [7]
xTickCount              0x2000'81ec     0x4  Data  Lc  tasks.o [7]
xTimerCreate            0x7000'3b57    0x36  Code  Gb  timers.o [7]
xTimerCreateTimerTask   0x7000'3b11    0x46  Code  Gb  timers.o [7]
xTimerGenericCommandFromTask
                        0x7000'3be5    0x60  Code  Gb  timers.o [7]
xTimerQueue             0x2000'8280     0x4  Data  Lc  timers.o [7]
xTimerTaskHandle        0x2000'8284     0x4  Data  Lc  timers.o [7]
xYieldPendings          0x2000'81fc     0x4  Data  Lc  tasks.o [7]


[1] = D:\Unified-Global-Firmware\UnifiedGTXproRT1064-Framework\Debug\Obj\arm_cm4f_2591447306154855946.dir
[2] = D:\Unified-Global-Firmware\UnifiedGTXproRT1064-Framework\Debug\Obj\board_15934270115374689736.dir
[3] = D:\Unified-Global-Firmware\UnifiedGTXproRT1064-Framework\Debug\Obj\common_17472286640915757921.dir
[4] = D:\Unified-Global-Firmware\UnifiedGTXproRT1064-Framework\Debug\Obj\common_4844698162460666594.dir
[5] = D:\Unified-Global-Firmware\UnifiedGTXproRT1064-Framework\Debug\Obj\device_15380641546761405204.dir
[6] = D:\Unified-Global-Firmware\UnifiedGTXproRT1064-Framework\Debug\Obj\drivers_7863770820933530928.dir
[7] = D:\Unified-Global-Firmware\UnifiedGTXproRT1064-Framework\Debug\Obj\freertos_kernel_5174011450799935587.dir
[8] = D:\Unified-Global-Firmware\UnifiedGTXproRT1064-Framework\Debug\Obj\memMang_8034902109530481416.dir
[9] = D:\Unified-Global-Firmware\UnifiedGTXproRT1064-Framework\Debug\Obj\source_5634686896477721948.dir
[10] = D:\Unified-Global-Firmware\UnifiedGTXproRT1064-Framework\Debug\Obj\startup_6128450827118691628.dir
[11] = D:\Unified-Global-Firmware\UnifiedGTXproRT1064-Framework\Debug\Obj\uart_16500500352900307476.dir
[12] = D:\Unified-Global-Firmware\UnifiedGTXproRT1064-Framework\Debug\Obj\xip_1815787651861247100.dir
[13] = dl7M_tln.a
[14] = m7M_tlv.a
[15] = rt7M_tl.a
[16] = shb_l.a

  24'744 bytes of readonly  code memory
   5'068 bytes of readonly  data memory
  34'452 bytes of readwrite data memory

Errors: none
Warnings: none
